Archive member included to satisfy reference by file (symbol)

c:/program files (x86)/atollic/truestudio for stm32 9.3.0/armtools/bin/../lib/gcc/arm-atollic-eabi/6.3.1/../../../../arm-atollic-eabi/lib/armv7-m\libc_nano.a(lib_a-atoi.o)
                              Src\main.o (atoi)
c:/program files (x86)/atollic/truestudio for stm32 9.3.0/armtools/bin/../lib/gcc/arm-atollic-eabi/6.3.1/../../../../arm-atollic-eabi/lib/armv7-m\libc_nano.a(lib_a-init.o)
                              startup\startup_stm32f103xb.o (__libc_init_array)
c:/program files (x86)/atollic/truestudio for stm32 9.3.0/armtools/bin/../lib/gcc/arm-atollic-eabi/6.3.1/../../../../arm-atollic-eabi/lib/armv7-m\libc_nano.a(lib_a-isalnum.o)
                              Src\websrv_help_functions.o (isalnum)
c:/program files (x86)/atollic/truestudio for stm32 9.3.0/armtools/bin/../lib/gcc/arm-atollic-eabi/6.3.1/../../../../arm-atollic-eabi/lib/armv7-m\libc_nano.a(lib_a-isblank.o)
                              Src\ip_arp_udp_tcp.o (isblank)
c:/program files (x86)/atollic/truestudio for stm32 9.3.0/armtools/bin/../lib/gcc/arm-atollic-eabi/6.3.1/../../../../arm-atollic-eabi/lib/armv7-m\libc_nano.a(lib_a-itoa.o)
                              Src\ip_arp_udp_tcp.o (itoa)
c:/program files (x86)/atollic/truestudio for stm32 9.3.0/armtools/bin/../lib/gcc/arm-atollic-eabi/6.3.1/../../../../arm-atollic-eabi/lib/armv7-m\libc_nano.a(lib_a-locale.o)
                              c:/program files (x86)/atollic/truestudio for stm32 9.3.0/armtools/bin/../lib/gcc/arm-atollic-eabi/6.3.1/../../../../arm-atollic-eabi/lib/armv7-m\libc_nano.a(lib_a-isalnum.o) (__locale_ctype_ptr)
c:/program files (x86)/atollic/truestudio for stm32 9.3.0/armtools/bin/../lib/gcc/arm-atollic-eabi/6.3.1/../../../../arm-atollic-eabi/lib/armv7-m\libc_nano.a(lib_a-mbtowc_r.o)
                              c:/program files (x86)/atollic/truestudio for stm32 9.3.0/armtools/bin/../lib/gcc/arm-atollic-eabi/6.3.1/../../../../arm-atollic-eabi/lib/armv7-m\libc_nano.a(lib_a-locale.o) (__ascii_mbtowc)
c:/program files (x86)/atollic/truestudio for stm32 9.3.0/armtools/bin/../lib/gcc/arm-atollic-eabi/6.3.1/../../../../arm-atollic-eabi/lib/armv7-m\libc_nano.a(lib_a-memcmp.o)
                              Src\ip_arp_udp_tcp.o (memcmp)
c:/program files (x86)/atollic/truestudio for stm32 9.3.0/armtools/bin/../lib/gcc/arm-atollic-eabi/6.3.1/../../../../arm-atollic-eabi/lib/armv7-m\libc_nano.a(lib_a-memset.o)
                              Drivers\STM32F1xx_HAL_Driver\Src\stm32f1xx_hal_rcc.o (memset)
c:/program files (x86)/atollic/truestudio for stm32 9.3.0/armtools/bin/../lib/gcc/arm-atollic-eabi/6.3.1/../../../../arm-atollic-eabi/lib/armv7-m\libc_nano.a(lib_a-snprintf.o)
                              Src\main.o (snprintf)
c:/program files (x86)/atollic/truestudio for stm32 9.3.0/armtools/bin/../lib/gcc/arm-atollic-eabi/6.3.1/../../../../arm-atollic-eabi/lib/armv7-m\libc_nano.a(lib_a-strcmp.o)
                              c:/program files (x86)/atollic/truestudio for stm32 9.3.0/armtools/bin/../lib/gcc/arm-atollic-eabi/6.3.1/../../../../arm-atollic-eabi/lib/armv7-m\libc_nano.a(lib_a-locale.o) (strcmp)
c:/program files (x86)/atollic/truestudio for stm32 9.3.0/armtools/bin/../lib/gcc/arm-atollic-eabi/6.3.1/../../../../arm-atollic-eabi/lib/armv7-m\libc_nano.a(lib_a-strcpy.o)
                              Src\dhcp_client.o (strcpy)
c:/program files (x86)/atollic/truestudio for stm32 9.3.0/armtools/bin/../lib/gcc/arm-atollic-eabi/6.3.1/../../../../arm-atollic-eabi/lib/armv7-m\libc_nano.a(lib_a-strlen.o)
                              Src\dhcp_client.o (strlen)
c:/program files (x86)/atollic/truestudio for stm32 9.3.0/armtools/bin/../lib/gcc/arm-atollic-eabi/6.3.1/../../../../arm-atollic-eabi/lib/armv7-m\libc_nano.a(lib_a-strncmp.o)
                              Src\main.o (strncmp)
c:/program files (x86)/atollic/truestudio for stm32 9.3.0/armtools/bin/../lib/gcc/arm-atollic-eabi/6.3.1/../../../../arm-atollic-eabi/lib/armv7-m\libc_nano.a(lib_a-strstr.o)
                              Src\main.o (strstr)
c:/program files (x86)/atollic/truestudio for stm32 9.3.0/armtools/bin/../lib/gcc/arm-atollic-eabi/6.3.1/../../../../arm-atollic-eabi/lib/armv7-m\libc_nano.a(lib_a-strtol.o)
                              c:/program files (x86)/atollic/truestudio for stm32 9.3.0/armtools/bin/../lib/gcc/arm-atollic-eabi/6.3.1/../../../../arm-atollic-eabi/lib/armv7-m\libc_nano.a(lib_a-atoi.o) (_strtol_r)
c:/program files (x86)/atollic/truestudio for stm32 9.3.0/armtools/bin/../lib/gcc/arm-atollic-eabi/6.3.1/../../../../arm-atollic-eabi/lib/armv7-m\libc_nano.a(lib_a-utoa.o)
                              c:/program files (x86)/atollic/truestudio for stm32 9.3.0/armtools/bin/../lib/gcc/arm-atollic-eabi/6.3.1/../../../../arm-atollic-eabi/lib/armv7-m\libc_nano.a(lib_a-itoa.o) (__utoa)
[...]
Memory Configuration

Name             Origin             Length             Attributes
RAM              0x20000000         0x00005000         xrw
FLASH            0x08000000         0x00010000         xr
*default*        0x00000000         0xffffffff

Linker script and memory map

LOAD c:/program files (x86)/atollic/truestudio for stm32 9.3.0/armtools/bin/../lib/gcc/arm-atollic-eabi/6.3.1/armv7-m/crti.o
LOAD c:/program files (x86)/atollic/truestudio for stm32 9.3.0/armtools/bin/../lib/gcc/arm-atollic-eabi/6.3.1/armv7-m/crtbegin.o
LOAD Drivers\STM32F1xx_HAL_Driver\Src\stm32f1xx_hal.o
LOAD Drivers\STM32F1xx_HAL_Driver\Src\stm32f1xx_hal_cortex.o
LOAD Drivers\STM32F1xx_HAL_Driver\Src\stm32f1xx_hal_dma.o
LOAD Drivers\STM32F1xx_HAL_Driver\Src\stm32f1xx_hal_flash.o
LOAD Drivers\STM32F1xx_HAL_Driver\Src\stm32f1xx_hal_flash_ex.o
LOAD Drivers\STM32F1xx_HAL_Driver\Src\stm32f1xx_hal_gpio.o
LOAD Drivers\STM32F1xx_HAL_Driver\Src\stm32f1xx_hal_gpio_ex.o
LOAD Drivers\STM32F1xx_HAL_Driver\Src\stm32f1xx_hal_pcd.o
LOAD Drivers\STM32F1xx_HAL_Driver\Src\stm32f1xx_hal_pcd_ex.o
LOAD Drivers\STM32F1xx_HAL_Driver\Src\stm32f1xx_hal_pwr.o
LOAD Drivers\STM32F1xx_HAL_Driver\Src\stm32f1xx_hal_rcc.o
LOAD Drivers\STM32F1xx_HAL_Driver\Src\stm32f1xx_hal_rcc_ex.o
LOAD Drivers\STM32F1xx_HAL_Driver\Src\stm32f1xx_hal_spi.o
LOAD Drivers\STM32F1xx_HAL_Driver\Src\stm32f1xx_hal_spi_ex.o
LOAD Drivers\STM32F1xx_HAL_Driver\Src\stm32f1xx_hal_tim.o
LOAD Drivers\STM32F1xx_HAL_Driver\Src\stm32f1xx_hal_tim_ex.o
LOAD Drivers\STM32F1xx_HAL_Driver\Src\stm32f1xx_hal_uart.o
LOAD Drivers\STM32F1xx_HAL_Driver\Src\stm32f1xx_ll_usb.o
LOAD Middlewares\ST\STM32_USB_Device_Library\Class\CDC\Src\usbd_cdc.o
LOAD Middlewares\ST\STM32_USB_Device_Library\Core\Src\usbd_core.o
LOAD Middlewares\ST\STM32_USB_Device_Library\Core\Src\usbd_ctlreq.o
LOAD Middlewares\ST\STM32_USB_Device_Library\Core\Src\usbd_ioreq.o
LOAD Src\dhcp_client.o
LOAD Src\dnslkup.o
LOAD Src\eeprom.o
LOAD Src\enc28j60.o
LOAD Src\hex_utils.o
LOAD Src\ip_arp_udp_tcp.o
LOAD Src\main.o
LOAD Src\stm32f1xx_hal_msp.o
LOAD Src\stm32f1xx_it.o
LOAD Src\system_stm32f1xx.o
LOAD Src\usb_device.o
LOAD Src\usbd_cdc_if.o
LOAD Src\usbd_conf.o
LOAD Src\usbd_desc.o
LOAD Src\websrv_help_functions.o
LOAD startup\startup_stm32f103xb.o
                0x00000080                malloc_getpagesize_P = 0x80
START GROUP
LOAD c:/program files (x86)/atollic/truestudio for stm32 9.3.0/armtools/bin/../lib/gcc/arm-atollic-eabi/6.3.1/../../../../arm-atollic-eabi/lib/armv7-m\libc_nano.a
LOAD c:/program files (x86)/atollic/truestudio for stm32 9.3.0/armtools/bin/../lib/gcc/arm-atollic-eabi/6.3.1/../../../../arm-atollic-eabi/lib/armv7-m\libm.a
END GROUP
START GROUP
LOAD c:/program files (x86)/atollic/truestudio for stm32 9.3.0/armtools/bin/../lib/gcc/arm-atollic-eabi/6.3.1/armv7-m\libgcc.a
LOAD c:/program files (x86)/atollic/truestudio for stm32 9.3.0/armtools/bin/../lib/gcc/arm-atollic-eabi/6.3.1/../../../../arm-atollic-eabi/lib/armv7-m\libc_nano.a
END GROUP
START GROUP
LOAD c:/program files (x86)/atollic/truestudio for stm32 9.3.0/armtools/bin/../lib/gcc/arm-atollic-eabi/6.3.1/armv7-m\libgcc.a
LOAD c:/program files (x86)/atollic/truestudio for stm32 9.3.0/armtools/bin/../lib/gcc/arm-atollic-eabi/6.3.1/../../../../arm-atollic-eabi/lib/armv7-m\libc_nano.a
LOAD c:/program files (x86)/atollic/truestudio for stm32 9.3.0/armtools/bin/../lib/gcc/arm-atollic-eabi/6.3.1/../../../../arm-atollic-eabi/lib/armv7-m\libnosys.a
END GROUP
START GROUP
LOAD c:/program files (x86)/atollic/truestudio for stm32 9.3.0/armtools/bin/../lib/gcc/arm-atollic-eabi/6.3.1/armv7-m\libgcc.a
LOAD c:/program files (x86)/atollic/truestudio for stm32 9.3.0/armtools/bin/../lib/gcc/arm-atollic-eabi/6.3.1/../../../../arm-atollic-eabi/lib/armv7-m\libc_nano.a
LOAD c:/program files (x86)/atollic/truestudio for stm32 9.3.0/armtools/bin/../lib/gcc/arm-atollic-eabi/6.3.1/../../../../arm-atollic-eabi/lib/armv7-m\libnosys.a
END GROUP
LOAD c:/program files (x86)/atollic/truestudio for stm32 9.3.0/armtools/bin/../lib/gcc/arm-atollic-eabi/6.3.1/armv7-m/crtend.o
LOAD c:/program files (x86)/atollic/truestudio for stm32 9.3.0/armtools/bin/../lib/gcc/arm-atollic-eabi/6.3.1/armv7-m/crtn.o
                0x20005000                _estack = 0x20005000
                0x00000200                _Min_Heap_Size = 0x200
                0x00000400                _Min_Stack_Size = 0x400

.isr_vector     0x08000000      0x10c
                0x08000000                . = ALIGN (0x4)
 *(.isr_vector)
 .isr_vector    0x08000000      0x10c startup\startup_stm32f103xb.o
                0x08000000                g_pfnVectors
                0x0800010c                . = ALIGN (0x4)

.text           0x0800010c     0x6bd8
                0x0800010c                . = ALIGN (0x4)
 *(.text)
 .text          0x0800010c       0x40 c:/program files (x86)/atollic/truestudio for stm32 9.3.0/armtools/bin/../lib/gcc/arm-atollic-eabi/6.3.1/armv7-m/crtbegin.o
 .text          0x0800014c       0x10 c:/program files (x86)/atollic/truestudio for stm32 9.3.0/armtools/bin/../lib/gcc/arm-atollic-eabi/6.3.1/../../../../arm-atollic-eabi/lib/armv7-m\libc_nano.a(lib_a-strlen.o)
                0x0800014c                strlen
 .text          0x0800015c       0x18 c:/program files (x86)/atollic/truestudio for stm32 9.3.0/armtools/bin/../lib/gcc/arm-atollic-eabi/6.3.1/armv7-m\libgcc.a(_lshrdi3.o)
                0x0800015c                __lshrdi3
                0x0800015c                __aeabi_llsr
 *(.text*)
 .text.HAL_InitTick
                0x08000174       0x48 Drivers\STM32F1xx_HAL_Driver\Src\stm32f1xx_hal.o
                0x08000174                HAL_InitTick
 .text.HAL_Init
                0x080001bc       0x24 Drivers\STM32F1xx_HAL_Driver\Src\stm32f1xx_hal.o
                0x080001bc                HAL_Init
 .text.HAL_IncTick
                0x080001e0       0x18 Drivers\STM32F1xx_HAL_Driver\Src\stm32f1xx_hal.o
                0x080001e0                HAL_IncTick
 .text.HAL_GetTick
                0x080001f8        0xc Drivers\STM32F1xx_HAL_Driver\Src\stm32f1xx_hal.o
                0x080001f8                HAL_GetTick
 .text.HAL_Delay
                0x08000204       0x24 Drivers\STM32F1xx_HAL_Driver\Src\stm32f1xx_hal.o
                0x08000204                HAL_Delay
 .text.HAL_NVIC_SetPriorityGrouping
                0x08000228       0x24 Drivers\STM32F1xx_HAL_Driver\Src\stm32f1xx_hal_cortex.o
                0x08000228                HAL_NVIC_SetPriorityGrouping
 .text.HAL_NVIC_SetPriority
                0x0800024c       0x68 Drivers\STM32F1xx_HAL_Driver\Src\stm32f1xx_hal_cortex.o
                0x0800024c                HAL_NVIC_SetPriority
 .text.HAL_NVIC_EnableIRQ
                0x080002b4       0x18 Drivers\STM32F1xx_HAL_Driver\Src\stm32f1xx_hal_cortex.o
                0x080002b4                HAL_NVIC_EnableIRQ
 .text.HAL_SYSTICK_Config
                0x080002cc       0x2c Drivers\STM32F1xx_HAL_Driver\Src\stm32f1xx_hal_cortex.o
                0x080002cc                HAL_SYSTICK_Config
 .text.HAL_SYSTICK_CLKSourceConfig
                0x080002f8       0x18 Drivers\STM32F1xx_HAL_Driver\Src\stm32f1xx_hal_cortex.o
                0x080002f8                HAL_SYSTICK_CLKSourceConfig
 .text.HAL_SYSTICK_Callback
                0x08000310        0x2 Drivers\STM32F1xx_HAL_Driver\Src\stm32f1xx_hal_cortex.o
                0x08000310                HAL_SYSTICK_Callback
 .text.HAL_SYSTICK_IRQHandler
                0x08000312        0x8 Drivers\STM32F1xx_HAL_Driver\Src\stm32f1xx_hal_cortex.o
                0x08000312                HAL_SYSTICK_IRQHandler
 *fill*         0x0800031a        0x2 
 .text.HAL_DMA_Abort_IT
                0x0800031c       0x90 Drivers\STM32F1xx_HAL_Driver\Src\stm32f1xx_hal_dma.o
                0x0800031c                HAL_DMA_Abort_IT
 .text.FLASH_SetErrorCode
                0x080003ac       0x50 Drivers\STM32F1xx_HAL_Driver\Src\stm32f1xx_hal_flash.o
 .text.HAL_FLASH_Unlock
                0x080003fc       0x24 Drivers\STM32F1xx_HAL_Driver\Src\stm32f1xx_hal_flash.o
                0x080003fc                HAL_FLASH_Unlock
 .text.HAL_FLASH_Lock
                0x08000420       0x14 Drivers\STM32F1xx_HAL_Driver\Src\stm32f1xx_hal_flash.o
                0x08000420                HAL_FLASH_Lock
 .text.FLASH_WaitForLastOperation
                0x08000434       0x54 Drivers\STM32F1xx_HAL_Driver\Src\stm32f1xx_hal_flash.o
                0x08000434                FLASH_WaitForLastOperation
 .text.HAL_FLASH_Program
                0x08000488       0x8c Drivers\STM32F1xx_HAL_Driver\Src\stm32f1xx_hal_flash.o
                0x08000488                HAL_FLASH_Program
 .text.FLASH_MassErase.isra.0
                0x08000514       0x24 Drivers\STM32F1xx_HAL_Driver\Src\stm32f1xx_hal_flash_ex.o
 .text.FLASH_PageErase
                0x08000538       0x24 Drivers\STM32F1xx_HAL_Driver\Src\stm32f1xx_hal_flash_ex.o
                0x08000538                FLASH_PageErase
 .text.HAL_FLASHEx_Erase
                0x0800055c       0x9c Drivers\STM32F1xx_HAL_Driver\Src\stm32f1xx_hal_flash_ex.o
                0x0800055c                HAL_FLASHEx_Erase
 .text.HAL_GPIO_Init
                0x080005f8      0x1c0 Drivers\STM32F1xx_HAL_Driver\Src\stm32f1xx_hal_gpio.o
                0x080005f8                HAL_GPIO_Init
 .text.HAL_GPIO_ReadPin
                0x080007b8        0xc Drivers\STM32F1xx_HAL_Driver\Src\stm32f1xx_hal_gpio.o
                0x080007b8                HAL_GPIO_ReadPin
 .text.HAL_GPIO_WritePin
                0x080007c4        0xa Drivers\STM32F1xx_HAL_Driver\Src\stm32f1xx_hal_gpio.o
                0x080007c4                HAL_GPIO_WritePin
 *fill*         0x080007ce        0x2 
 .text.HAL_GPIO_EXTI_IRQHandler
                0x080007d0       0x18 Drivers\STM32F1xx_HAL_Driver\Src\stm32f1xx_hal_gpio.o
                0x080007d0                HAL_GPIO_EXTI_IRQHandler
 .text.HAL_PCD_Init
                0x080007e8       0xd2 Drivers\STM32F1xx_HAL_Driver\Src\stm32f1xx_hal_pcd.o
                0x080007e8                HAL_PCD_Init
 .text.HAL_PCD_Start
                0x080008ba       0x2e Drivers\STM32F1xx_HAL_Driver\Src\stm32f1xx_hal_pcd.o
                0x080008ba                HAL_PCD_Start
 .text.HAL_PCD_SetAddress
                0x080008e8       0x28 Drivers\STM32F1xx_HAL_Driver\Src\stm32f1xx_hal_pcd.o
                0x080008e8                HAL_PCD_SetAddress
 .text.HAL_PCD_EP_Open
                0x08000910       0x46 Drivers\STM32F1xx_HAL_Driver\Src\stm32f1xx_hal_pcd.o
                0x08000910                HAL_PCD_EP_Open
 .text.HAL_PCD_EP_Close
                0x08000956       0x42 Drivers\STM32F1xx_HAL_Driver\Src\stm32f1xx_hal_pcd.o
                0x08000956                HAL_PCD_EP_Close
 .text.HAL_PCD_EP_Receive
                0x08000998       0x30 Drivers\STM32F1xx_HAL_Driver\Src\stm32f1xx_hal_pcd.o
                0x08000998                HAL_PCD_EP_Receive
 .text.HAL_PCD_EP_GetRxCount
                0x080009c8        0xe Drivers\STM32F1xx_HAL_Driver\Src\stm32f1xx_hal_pcd.o
                0x080009c8                HAL_PCD_EP_GetRxCount
 .text.HAL_PCD_EP_Transmit
                0x080009d6       0x2c Drivers\STM32F1xx_HAL_Driver\Src\stm32f1xx_hal_pcd.o
                0x080009d6                HAL_PCD_EP_Transmit
 *fill*         0x08000a02        0x2 
 .text.HAL_PCD_IRQHandler
                0x08000a04      0x4f0 Drivers\STM32F1xx_HAL_Driver\Src\stm32f1xx_hal_pcd.o
                0x08000a04                HAL_PCD_IRQHandler
 .text.HAL_PCD_EP_SetStall
                0x08000ef4       0x52 Drivers\STM32F1xx_HAL_Driver\Src\stm32f1xx_hal_pcd.o
                0x08000ef4                HAL_PCD_EP_SetStall
 .text.HAL_PCD_EP_ClrStall
                0x08000f46       0x46 Drivers\STM32F1xx_HAL_Driver\Src\stm32f1xx_hal_pcd.o
                0x08000f46                HAL_PCD_EP_ClrStall
 .text.HAL_PCDEx_PMAConfig
                0x08000f8c       0x30 Drivers\STM32F1xx_HAL_Driver\Src\stm32f1xx_hal_pcd_ex.o
                0x08000f8c                HAL_PCDEx_PMAConfig
 .text.HAL_RCC_OscConfig
                0x08000fbc      0x318 Drivers\STM32F1xx_HAL_Driver\Src\stm32f1xx_hal_rcc.o
                0x08000fbc                HAL_RCC_OscConfig
 .text.HAL_RCC_GetSysClockFreq
                0x080012d4       0x78 Drivers\STM32F1xx_HAL_Driver\Src\stm32f1xx_hal_rcc.o
                0x080012d4                HAL_RCC_GetSysClockFreq
 .text.HAL_RCC_ClockConfig
                0x0800134c      0x148 Drivers\STM32F1xx_HAL_Driver\Src\stm32f1xx_hal_rcc.o
                0x0800134c                HAL_RCC_ClockConfig
 .text.HAL_RCC_GetHCLKFreq
                0x08001494        0xc Drivers\STM32F1xx_HAL_Driver\Src\stm32f1xx_hal_rcc.o
                0x08001494                HAL_RCC_GetHCLKFreq
 .text.HAL_RCC_GetPCLK1Freq
                0x080014a0       0x20 Drivers\STM32F1xx_HAL_Driver\Src\stm32f1xx_hal_rcc.o
                0x080014a0                HAL_RCC_GetPCLK1Freq
 .text.HAL_RCC_GetPCLK2Freq
                0x080014c0       0x20 Drivers\STM32F1xx_HAL_Driver\Src\stm32f1xx_hal_rcc.o
                0x080014c0                HAL_RCC_GetPCLK2Freq
 .text.HAL_RCCEx_PeriphCLKConfig
                0x080014e0       0xf0 Drivers\STM32F1xx_HAL_Driver\Src\stm32f1xx_hal_rcc_ex.o
                0x080014e0                HAL_RCCEx_PeriphCLKConfig
 .text.SPI_WaitFlagStateUntilTimeout
                0x080015d0       0x8e Drivers\STM32F1xx_HAL_Driver\Src\stm32f1xx_hal_spi.o
 .text.SPI_CheckFlag_BSY
                0x0800165e       0x20 Drivers\STM32F1xx_HAL_Driver\Src\stm32f1xx_hal_spi.o
 .text.HAL_SPI_TransmitReceive
                0x0800167e      0x1fa Drivers\STM32F1xx_HAL_Driver\Src\stm32f1xx_hal_spi.o
                0x0800167e                HAL_SPI_TransmitReceive
 .text.HAL_SPI_Init
                0x08001878       0x76 Drivers\STM32F1xx_HAL_Driver\Src\stm32f1xx_hal_spi_ex.o
                0x08001878                HAL_SPI_Init
 .text.HAL_TIM_Base_Start
                0x080018ee       0x1a Drivers\STM32F1xx_HAL_Driver\Src\stm32f1xx_hal_tim.o
                0x080018ee                HAL_TIM_Base_Start
 .text.HAL_TIM_Base_Start_IT
                0x08001908       0x16 Drivers\STM32F1xx_HAL_Driver\Src\stm32f1xx_hal_tim.o
                0x08001908                HAL_TIM_Base_Start_IT
 .text.HAL_TIM_ConfigClockSource
                0x0800191e      0x172 Drivers\STM32F1xx_HAL_Driver\Src\stm32f1xx_hal_tim.o
                0x0800191e                HAL_TIM_ConfigClockSource
 .text.HAL_TIM_PeriodElapsedCallback
                0x08001a90        0x2 Drivers\STM32F1xx_HAL_Driver\Src\stm32f1xx_hal_tim.o
                0x08001a90                HAL_TIM_PeriodElapsedCallback
 .text.HAL_TIM_OC_DelayElapsedCallback
                0x08001a92        0x2 Drivers\STM32F1xx_HAL_Driver\Src\stm32f1xx_hal_tim.o
                0x08001a92                HAL_TIM_OC_DelayElapsedCallback
 .text.HAL_TIM_IC_CaptureCallback
                0x08001a94        0x2 Drivers\STM32F1xx_HAL_Driver\Src\stm32f1xx_hal_tim.o
                0x08001a94                HAL_TIM_IC_CaptureCallback
 .text.HAL_TIM_PWM_PulseFinishedCallback
                0x08001a96        0x2 Drivers\STM32F1xx_HAL_Driver\Src\stm32f1xx_hal_tim.o
                0x08001a96                HAL_TIM_PWM_PulseFinishedCallback
 .text.HAL_TIM_TriggerCallback
                0x08001a98        0x2 Drivers\STM32F1xx_HAL_Driver\Src\stm32f1xx_hal_tim.o
                0x08001a98                HAL_TIM_TriggerCallback
 .text.HAL_TIM_IRQHandler
                0x08001a9a      0x144 Drivers\STM32F1xx_HAL_Driver\Src\stm32f1xx_hal_tim.o
                0x08001a9a                HAL_TIM_IRQHandler
 *fill*         0x08001bde        0x2 
 .text.TIM_Base_SetConfig
                0x08001be0       0x70 Drivers\STM32F1xx_HAL_Driver\Src\stm32f1xx_hal_tim.o
                0x08001be0                TIM_Base_SetConfig
 .text.HAL_TIM_Base_Init
                0x08001c50       0x34 Drivers\STM32F1xx_HAL_Driver\Src\stm32f1xx_hal_tim.o
                0x08001c50                HAL_TIM_Base_Init
 .text.HAL_TIMEx_MasterConfigSynchronization
                0x08001c84       0x44 Drivers\STM32F1xx_HAL_Driver\Src\stm32f1xx_hal_tim_ex.o
                0x08001c84                HAL_TIMEx_MasterConfigSynchronization
 .text.HAL_TIMEx_CommutationCallback
                0x08001cc8        0x2 Drivers\STM32F1xx_HAL_Driver\Src\stm32f1xx_hal_tim_ex.o
                0x08001cc8                HAL_TIMEx_CommutationCallback
 .text.HAL_TIMEx_BreakCallback
                0x08001cca        0x2 Drivers\STM32F1xx_HAL_Driver\Src\stm32f1xx_hal_tim_ex.o
                0x08001cca                HAL_TIMEx_BreakCallback
 .text.UART_EndRxTransfer
                0x08001ccc       0x1a Drivers\STM32F1xx_HAL_Driver\Src\stm32f1xx_hal_uart.o
 *fill*         0x08001ce6        0x2 
 .text.UART_SetConfig
                0x08001ce8      0x13c Drivers\STM32F1xx_HAL_Driver\Src\stm32f1xx_hal_uart.o
 .text.UART_WaitOnFlagUntilTimeout.constprop.3
                0x08001e24       0x50 Drivers\STM32F1xx_HAL_Driver\Src\stm32f1xx_hal_uart.o
 .text.HAL_UART_Init
                0x08001e74       0x5c Drivers\STM32F1xx_HAL_Driver\Src\stm32f1xx_hal_uart.o
                0x08001e74                HAL_UART_Init
 .text.HAL_UART_Transmit
                0x08001ed0       0xb8 Drivers\STM32F1xx_HAL_Driver\Src\stm32f1xx_hal_uart.o
                0x08001ed0                HAL_UART_Transmit
 .text.HAL_UART_TxCpltCallback
                0x08001f88        0x2 Drivers\STM32F1xx_HAL_Driver\Src\stm32f1xx_hal_uart.o
                0x08001f88                HAL_UART_TxCpltCallback
 .text.HAL_UART_RxCpltCallback
                0x08001f8a        0x2 Drivers\STM32F1xx_HAL_Driver\Src\stm32f1xx_hal_uart.o
                0x08001f8a                HAL_UART_RxCpltCallback
 .text.UART_Receive_IT
                0x08001f8c       0x7c Drivers\STM32F1xx_HAL_Driver\Src\stm32f1xx_hal_uart.o
 .text.HAL_UART_ErrorCallback
                0x08002008        0x2 Drivers\STM32F1xx_HAL_Driver\Src\stm32f1xx_hal_uart.o
                0x08002008                HAL_UART_ErrorCallback
 *fill*         0x0800200a        0x2 
 .text.HAL_UART_IRQHandler
                0x0800200c      0x140 Drivers\STM32F1xx_HAL_Driver\Src\stm32f1xx_hal_uart.o
                0x0800200c                HAL_UART_IRQHandler
 .text.UART_DMAAbortOnError
                0x0800214c       0x10 Drivers\STM32F1xx_HAL_Driver\Src\stm32f1xx_hal_uart.o
 .text.USB_CoreInit
                0x0800215c        0xe Drivers\STM32F1xx_HAL_Driver\Src\stm32f1xx_ll_usb.o
                0x0800215c                USB_CoreInit
 .text.USB_EnableGlobalInt
                0x0800216a       0x12 Drivers\STM32F1xx_HAL_Driver\Src\stm32f1xx_ll_usb.o
                0x0800216a                USB_EnableGlobalInt
 .text.USB_DisableGlobalInt
                0x0800217c       0x14 Drivers\STM32F1xx_HAL_Driver\Src\stm32f1xx_ll_usb.o
                0x0800217c                USB_DisableGlobalInt
 .text.USB_SetCurrentMode
                0x08002190        0x4 Drivers\STM32F1xx_HAL_Driver\Src\stm32f1xx_ll_usb.o
                0x08002190                USB_SetCurrentMode
 .text.USB_DevInit
                0x08002194       0x36 Drivers\STM32F1xx_HAL_Driver\Src\stm32f1xx_ll_usb.o
                0x08002194                USB_DevInit
 *fill*         0x080021ca        0x2 
 .text.USB_ActivateEndpoint
                0x080021cc      0x2e4 Drivers\STM32F1xx_HAL_Driver\Src\stm32f1xx_ll_usb.o
                0x080021cc                USB_ActivateEndpoint
 .text.USB_DeactivateEndpoint
                0x080024b0      0x19c Drivers\STM32F1xx_HAL_Driver\Src\stm32f1xx_ll_usb.o
                0x080024b0                USB_DeactivateEndpoint
 .text.USB_EPSetStall
                0x0800264c       0x64 Drivers\STM32F1xx_HAL_Driver\Src\stm32f1xx_ll_usb.o
                0x0800264c                USB_EPSetStall
 .text.USB_EPClearStall
                0x080026b0       0x84 Drivers\STM32F1xx_HAL_Driver\Src\stm32f1xx_ll_usb.o
                0x080026b0                USB_EPClearStall
 .text.USB_SetDevAddress
                0x08002734        0xc Drivers\STM32F1xx_HAL_Driver\Src\stm32f1xx_ll_usb.o
                0x08002734                USB_SetDevAddress
 .text.USB_DevConnect
                0x08002740        0x4 Drivers\STM32F1xx_HAL_Driver\Src\stm32f1xx_ll_usb.o
                0x08002740                USB_DevConnect
 .text.USB_DevDisconnect
                0x08002744        0x4 Drivers\STM32F1xx_HAL_Driver\Src\stm32f1xx_ll_usb.o
                0x08002744                USB_DevDisconnect
 .text.USB_ReadInterrupts
                0x08002748        0x8 Drivers\STM32F1xx_HAL_Driver\Src\stm32f1xx_ll_usb.o
                0x08002748                USB_ReadInterrupts
 .text.USB_EP0_OutStart
                0x08002750        0x4 Drivers\STM32F1xx_HAL_Driver\Src\stm32f1xx_ll_usb.o
                0x08002750                USB_EP0_OutStart
 .text.USB_WritePMA
                0x08002754       0x22 Drivers\STM32F1xx_HAL_Driver\Src\stm32f1xx_ll_usb.o
                0x08002754                USB_WritePMA
 *fill*         0x08002776        0x2 
 .text.USB_EPStartXfer
                0x08002778      0x200 Drivers\STM32F1xx_HAL_Driver\Src\stm32f1xx_ll_usb.o
                0x08002778                USB_EPStartXfer
 .text.USB_ReadPMA
                0x08002978       0x22 Drivers\STM32F1xx_HAL_Driver\Src\stm32f1xx_ll_usb.o
                0x08002978                USB_ReadPMA
 .text.USBD_CDC_DataIn
                0x0800299a       0x12 Middlewares\ST\STM32_USB_Device_Library\Class\CDC\Src\usbd_cdc.o
 .text.USBD_CDC_EP0_RxReady
                0x080029ac       0x28 Middlewares\ST\STM32_USB_Device_Library\Class\CDC\Src\usbd_cdc.o
 .text.USBD_CDC_GetFSCfgDesc
                0x080029d4        0xc Middlewares\ST\STM32_USB_Device_Library\Class\CDC\Src\usbd_cdc.o
 .text.USBD_CDC_GetHSCfgDesc
                0x080029e0        0xc Middlewares\ST\STM32_USB_Device_Library\Class\CDC\Src\usbd_cdc.o
 .text.USBD_CDC_GetOtherSpeedCfgDesc
                0x080029ec        0xc Middlewares\ST\STM32_USB_Device_Library\Class\CDC\Src\usbd_cdc.o
 .text.USBD_CDC_GetDeviceQualifierDescriptor
                0x080029f8        0xc Middlewares\ST\STM32_USB_Device_Library\Class\CDC\Src\usbd_cdc.o
                0x080029f8                USBD_CDC_GetDeviceQualifierDescriptor
 .text.USBD_CDC_DataOut
                0x08002a04       0x2e Middlewares\ST\STM32_USB_Device_Library\Class\CDC\Src\usbd_cdc.o
 *fill*         0x08002a32        0x2 
 .text.USBD_CDC_Setup
                0x08002a34       0x68 Middlewares\ST\STM32_USB_Device_Library\Class\CDC\Src\usbd_cdc.o
 .text.USBD_CDC_DeInit
                0x08002a9c       0x3a Middlewares\ST\STM32_USB_Device_Library\Class\CDC\Src\usbd_cdc.o
 .text.USBD_CDC_Init
                0x08002ad6       0x8c Middlewares\ST\STM32_USB_Device_Library\Class\CDC\Src\usbd_cdc.o
 .text.USBD_CDC_RegisterInterface
                0x08002b62        0xe Middlewares\ST\STM32_USB_Device_Library\Class\CDC\Src\usbd_cdc.o
                0x08002b62                USBD_CDC_RegisterInterface
 .text.USBD_CDC_SetTxBuffer
                0x08002b70       0x10 Middlewares\ST\STM32_USB_Device_Library\Class\CDC\Src\usbd_cdc.o
                0x08002b70                USBD_CDC_SetTxBuffer
 .text.USBD_CDC_SetRxBuffer
                0x08002b80        0xc Middlewares\ST\STM32_USB_Device_Library\Class\CDC\Src\usbd_cdc.o
                0x08002b80                USBD_CDC_SetRxBuffer
 .text.USBD_CDC_ReceivePacket
                0x08002b8c       0x26 Middlewares\ST\STM32_USB_Device_Library\Class\CDC\Src\usbd_cdc.o
                0x08002b8c                USBD_CDC_ReceivePacket
 .text.USBD_Init
                0x08002bb2       0x2a Middlewares\ST\STM32_USB_Device_Library\Core\Src\usbd_core.o
                0x08002bb2                USBD_Init
 .text.USBD_RegisterClass
                0x08002bdc        0xe Middlewares\ST\STM32_USB_Device_Library\Core\Src\usbd_core.o
                0x08002bdc                USBD_RegisterClass
 .text.USBD_Start
                0x08002bea        0xa Middlewares\ST\STM32_USB_Device_Library\Core\Src\usbd_core.o
                0x08002bea                USBD_Start
 .text.USBD_SetClassConfig
                0x08002bf4       0x16 Middlewares\ST\STM32_USB_Device_Library\Core\Src\usbd_core.o
                0x08002bf4                USBD_SetClassConfig
 .text.USBD_ClrClassConfig
                0x08002c0a        0xe Middlewares\ST\STM32_USB_Device_Library\Core\Src\usbd_core.o
                0x08002c0a                USBD_ClrClassConfig
 .text.USBD_LL_SetupStage
                0x08002c18       0x5a Middlewares\ST\STM32_USB_Device_Library\Core\Src\usbd_core.o
                0x08002c18                USBD_LL_SetupStage
 .text.USBD_LL_DataOutStage
                0x08002c72       0x64 Middlewares\ST\STM32_USB_Device_Library\Core\Src\usbd_core.o
                0x08002c72                USBD_LL_DataOutStage
 .text.USBD_LL_DataInStage
                0x08002cd6       0x9e Middlewares\ST\STM32_USB_Device_Library\Core\Src\usbd_core.o
                0x08002cd6                USBD_LL_DataInStage
 .text.USBD_LL_Reset
                0x08002d74       0x3e Middlewares\ST\STM32_USB_Device_Library\Core\Src\usbd_core.o
                0x08002d74                USBD_LL_Reset
 .text.USBD_LL_SetSpeed
                0x08002db2        0x6 Middlewares\ST\STM32_USB_Device_Library\Core\Src\usbd_core.o
                0x08002db2                USBD_LL_SetSpeed
 .text.USBD_LL_Suspend
                0x08002db8       0x12 Middlewares\ST\STM32_USB_Device_Library\Core\Src\usbd_core.o
                0x08002db8                USBD_LL_Suspend
 .text.USBD_LL_Resume
                0x08002dca        0xc Middlewares\ST\STM32_USB_Device_Library\Core\Src\usbd_core.o
                0x08002dca                USBD_LL_Resume
 .text.USBD_LL_SOF
                0x08002dd6       0x18 Middlewares\ST\STM32_USB_Device_Library\Core\Src\usbd_core.o
                0x08002dd6                USBD_LL_SOF
 .text.USBD_CtlError.constprop.0
                0x08002dee       0x16 Middlewares\ST\STM32_USB_Device_Library\Core\Src\usbd_ctlreq.o
 .text.USBD_StdDevReq
                0x08002e04      0x1f4 Middlewares\ST\STM32_USB_Device_Library\Core\Src\usbd_ctlreq.o
                0x08002e04                USBD_StdDevReq
 .text.USBD_StdItfReq
                0x08002ff8       0x30 Middlewares\ST\STM32_USB_Device_Library\Core\Src\usbd_ctlreq.o
                0x08002ff8                USBD_StdItfReq
 .text.USBD_StdEPReq
                0x08003028       0xc6 Middlewares\ST\STM32_USB_Device_Library\Core\Src\usbd_ctlreq.o
                0x08003028                USBD_StdEPReq
 .text.USBD_ParseSetupRequest
                0x080030ee       0x28 Middlewares\ST\STM32_USB_Device_Library\Core\Src\usbd_ctlreq.o
                0x080030ee                USBD_ParseSetupRequest
 .text.USBD_GetString
                0x08003116       0x38 Middlewares\ST\STM32_USB_Device_Library\Core\Src\usbd_ctlreq.o
                0x08003116                USBD_GetString
 .text.USBD_CtlSendData
                0x0800314e       0x1a Middlewares\ST\STM32_USB_Device_Library\Core\Src\usbd_ioreq.o
                0x0800314e                USBD_CtlSendData
 .text.USBD_CtlContinueSendData
                0x08003168       0x10 Middlewares\ST\STM32_USB_Device_Library\Core\Src\usbd_ioreq.o
                0x08003168                USBD_CtlContinueSendData
 .text.USBD_CtlPrepareRx
                0x08003178       0x1e Middlewares\ST\STM32_USB_Device_Library\Core\Src\usbd_ioreq.o
                0x08003178                USBD_CtlPrepareRx
 .text.USBD_CtlContinueRx
                0x08003196       0x10 Middlewares\ST\STM32_USB_Device_Library\Core\Src\usbd_ioreq.o
                0x08003196                USBD_CtlContinueRx
 .text.USBD_CtlSendStatus
                0x080031a6       0x16 Middlewares\ST\STM32_USB_Device_Library\Core\Src\usbd_ioreq.o
                0x080031a6                USBD_CtlSendStatus
 .text.USBD_CtlReceiveStatus
                0x080031bc       0x16 Middlewares\ST\STM32_USB_Device_Library\Core\Src\usbd_ioreq.o
                0x080031bc                USBD_CtlReceiveStatus
 *fill*         0x080031d2        0x2 
 .text.dhcp_n6sec_tick
                0x080031d4       0x10 Src\dhcp_client.o
                0x080031d4                dhcp_n6sec_tick
 .text.make_dhcp_message_template
                0x080031e4       0xa0 Src\dhcp_client.o
                0x080031e4                make_dhcp_message_template
 .text.send_dhcp_discover
                0x08003284       0x46 Src\dhcp_client.o
                0x08003284                send_dhcp_discover
 .text.dhcp_get_message_type
                0x080032ca       0x36 Src\dhcp_client.o
                0x080032ca                dhcp_get_message_type
 .text.dhcp_get_yiaddr
                0x08003300       0x20 Src\dhcp_client.o
                0x08003300                dhcp_get_yiaddr
 .text.is_dhcp_msg_for_me
                0x08003320       0x2c Src\dhcp_client.o
                0x08003320                is_dhcp_msg_for_me
 .text.dhcp_is_renew_tid
                0x0800334c       0x14 Src\dhcp_client.o
                0x0800334c                dhcp_is_renew_tid
 .text.dhcp_option_parser
                0x08003360      0x138 Src\dhcp_client.o
                0x08003360                dhcp_option_parser
 .text.send_dhcp_request
                0x08003498       0x8c Src\dhcp_client.o
                0x08003498                send_dhcp_request
 .text.packetloop_dhcp_initial_ip_assignment
                0x08003524       0xfc Src\dhcp_client.o
                0x08003524                packetloop_dhcp_initial_ip_assignment
 .text.dhcp_get_my_ip
                0x08003620       0x28 Src\dhcp_client.o
                0x08003620                dhcp_get_my_ip
 .text.dnslkup_haveanswer
                0x08003648        0xc Src\dnslkup.o
                0x08003648                dnslkup_haveanswer
 .text.dnslkup_get_ip
                0x08003654       0x14 Src\dnslkup.o
                0x08003654                dnslkup_get_ip
 .text.string_is_ipv4
                0x08003668       0x34 Src\dnslkup.o
                0x08003668                string_is_ipv4
 .text.dnslkup_request
                0x0800369c       0xec Src\dnslkup.o
                0x0800369c                dnslkup_request
 .text.udp_client_check_for_dns_answer
                0x08003788       0xd4 Src\dnslkup.o
                0x08003788                udp_client_check_for_dns_answer
 .text.EE_Format
                0x0800385c       0x3c Src\eeprom.o
                0x0800385c                EE_Format
 .text.EE_Read  0x08003898       0x1c Src\eeprom.o
                0x08003898                EE_Read
 .text.EE_Reads
                0x080038b4       0x28 Src\eeprom.o
                0x080038b4                EE_Reads
 .text.EE_Write
                0x080038dc       0x9c Src\eeprom.o
                0x080038dc                EE_Write
 .text.enc28j60_set_spi
                0x08003978        0xc Src\enc28j60.o
                0x08003978                enc28j60_set_spi
 .text.ENC28J60_SendByte
                0x08003984       0x40 Src\enc28j60.o
                0x08003984                ENC28J60_SendByte
 .text.enc28j60ReadOp
                0x080039c4       0x58 Src\enc28j60.o
                0x080039c4                enc28j60ReadOp
 .text.enc28j60WriteOp
                0x08003a1c       0x50 Src\enc28j60.o
                0x08003a1c                enc28j60WriteOp
 .text.enc28j60ReadBuffer
                0x08003a6c       0x50 Src\enc28j60.o
                0x08003a6c                enc28j60ReadBuffer
 .text.enc28j60WriteBuffer
                0x08003abc       0x50 Src\enc28j60.o
                0x08003abc                enc28j60WriteBuffer
 .text.enc28j60SetBank
                0x08003b0c       0x30 Src\enc28j60.o
                0x08003b0c                enc28j60SetBank
 .text.enc28j60Read
                0x08003b3c       0x14 Src\enc28j60.o
                0x08003b3c                enc28j60Read
 .text.enc28j60Write
                0x08003b50       0x18 Src\enc28j60.o
                0x08003b50                enc28j60Write
 .text.enc28j60WriteWord
                0x08003b68       0x1a Src\enc28j60.o
                0x08003b68                enc28j60WriteWord
 .text.enc28j60PhyReadH
                0x08003b82       0x32 Src\enc28j60.o
                0x08003b82                enc28j60PhyReadH
 .text.enc28j60PhyWrite
                0x08003bb4       0x30 Src\enc28j60.o
                0x08003bb4                enc28j60PhyWrite
 .text.enc28j60clkout
                0x08003be4        0xa Src\enc28j60.o
                0x08003be4                enc28j60clkout
 *fill*         0x08003bee        0x2 
 .text.enc28j60Init
                0x08003bf0      0x118 Src\enc28j60.o
                0x08003bf0                enc28j60Init
 .text.enc28j60getrev
                0x08003d08       0x12 Src\enc28j60.o
                0x08003d08                enc28j60getrev
 *fill*         0x08003d1a        0x2 
 .text.enc28j60EnableBroadcast
                0x08003d1c       0x14 Src\enc28j60.o
                0x08003d1c                enc28j60EnableBroadcast
 .text.enc28j60DisableBroadcast
                0x08003d30       0x14 Src\enc28j60.o
                0x08003d30                enc28j60DisableBroadcast
 .text.enc28j60linkup
                0x08003d44        0xe Src\enc28j60.o
                0x08003d44                enc28j60linkup
 .text.enc28j60PacketSend
                0x08003d52       0x6c Src\enc28j60.o
                0x08003d52                enc28j60PacketSend
 *fill*         0x08003dbe        0x2 
 .text.enc28j60PacketReceive
                0x08003dc0       0x9c Src\enc28j60.o
                0x08003dc0                enc28j60PacketReceive
 .text.hex2int_byte
                0x08003e5c       0x40 Src\hex_utils.o
                0x08003e5c                hex2int_byte
 .text.dec2int_byte
                0x08003e9c       0x2a Src\hex_utils.o
                0x08003e9c                dec2int_byte
 *fill*         0x08003ec6        0x2 
 .text.www_client_internal_result_callback
                0x08003ec8       0x90 Src\ip_arp_udp_tcp.o
                0x08003ec8                www_client_internal_result_callback
 .text.checksum
                0x08003f58       0x5a Src\ip_arp_udp_tcp.o
                0x08003f58                checksum
 *fill*         0x08003fb2        0x2 
 .text.init_mac
                0x08003fb4       0x14 Src\ip_arp_udp_tcp.o
                0x08003fb4                init_mac
 .text.client_ifconfig
                0x08003fc8       0x30 Src\ip_arp_udp_tcp.o
                0x08003fc8                client_ifconfig
 .text.check_ip_message_is_from
                0x08003ff8       0x22 Src\ip_arp_udp_tcp.o
                0x08003ff8                check_ip_message_is_from
 *fill*         0x0800401a        0x2 
 .text.eth_type_is_arp_and_my_ip
                0x0800401c       0x38 Src\ip_arp_udp_tcp.o
                0x0800401c                eth_type_is_arp_and_my_ip
 .text.eth_type_is_ip_and_my_ip
                0x08004054       0x3c Src\ip_arp_udp_tcp.o
                0x08004054                eth_type_is_ip_and_my_ip
 .text.make_eth
                0x08004090       0x20 Src\ip_arp_udp_tcp.o
                0x08004090                make_eth
 .text.fill_ip_hdr_checksum
                0x080040b0       0x22 Src\ip_arp_udp_tcp.o
                0x080040b0                fill_ip_hdr_checksum
 *fill*         0x080040d2        0x2 
 .text.make_ip  0x080040d4       0x28 Src\ip_arp_udp_tcp.o
                0x080040d4                make_ip
 .text.step_seq
                0x080040fc       0x2e Src\ip_arp_udp_tcp.o
                0x080040fc                step_seq
 .text.make_tcphead
                0x0800412a       0x3a Src\ip_arp_udp_tcp.o
                0x0800412a                make_tcphead
 .text.make_arp_answer_from_request
                0x08004164       0x54 Src\ip_arp_udp_tcp.o
                0x08004164                make_arp_answer_from_request
 .text.make_echo_reply_from_request
                0x080041b8       0x3e Src\ip_arp_udp_tcp.o
                0x080041b8                make_echo_reply_from_request
 .text.get_tcp_data_len
                0x080041f6       0x22 Src\ip_arp_udp_tcp.o
                0x080041f6                get_tcp_data_len
 .text.fill_tcp_data_p
                0x08004218       0x1a Src\ip_arp_udp_tcp.o
                0x08004218                fill_tcp_data_p
 .text.fill_tcp_data_len
                0x08004232       0x20 Src\ip_arp_udp_tcp.o
                0x08004232                fill_tcp_data_len
 .text.fill_tcp_data
                0x08004252       0x1e Src\ip_arp_udp_tcp.o
                0x08004252                fill_tcp_data
 .text.www_client_internal_datafill_callback
                0x08004270      0x140 Src\ip_arp_udp_tcp.o
                0x08004270                www_client_internal_datafill_callback
 .text.make_tcp_ack_from_any
                0x080043b0       0x64 Src\ip_arp_udp_tcp.o
                0x080043b0                make_tcp_ack_from_any
 .text.make_tcp_ack_with_data_noflags
                0x08004414       0x4a Src\ip_arp_udp_tcp.o
                0x08004414                make_tcp_ack_with_data_noflags
 *fill*         0x0800445e        0x2 
 .text.init_udp_or_www_server
                0x08004460       0x24 Src\ip_arp_udp_tcp.o
                0x08004460                init_udp_or_www_server
 .text.www_server_port
                0x08004484       0x14 Src\ip_arp_udp_tcp.o
                0x08004484                www_server_port
 .text.make_tcp_synack_from_syn
                0x08004498       0x88 Src\ip_arp_udp_tcp.o
                0x08004498                make_tcp_synack_from_syn
 .text.www_server_reply
                0x08004520       0x28 Src\ip_arp_udp_tcp.o
                0x08004520                www_server_reply
 .text.fill_buf_p
                0x08004548       0x14 Src\ip_arp_udp_tcp.o
                0x08004548                fill_buf_p
 .text.send_udp_prepare
                0x0800455c       0x98 Src\ip_arp_udp_tcp.o
                0x0800455c                send_udp_prepare
 .text.send_udp_transmit
                0x080045f4       0x50 Src\ip_arp_udp_tcp.o
                0x080045f4                send_udp_transmit
 .text.client_arp_whohas
                0x08004644       0x7c Src\ip_arp_udp_tcp.o
                0x08004644                client_arp_whohas
 .text.get_mac_with_arp_wait
                0x080046c0       0x10 Src\ip_arp_udp_tcp.o
                0x080046c0                get_mac_with_arp_wait
 .text.get_mac_with_arp
                0x080046d0       0x30 Src\ip_arp_udp_tcp.o
                0x080046d0                get_mac_with_arp
 .text.tcp_client_syn
                0x08004700      0x110 Src\ip_arp_udp_tcp.o
                0x08004700                tcp_client_syn
 .text.client_tcp_req
                0x08004810       0x64 Src\ip_arp_udp_tcp.o
                0x08004810                client_tcp_req
 .text.client_browse_url
                0x08004874       0x60 Src\ip_arp_udp_tcp.o
                0x08004874                client_browse_url
 .text.packetloop_arp_icmp_tcp
                0x080048d4      0x2f4 Src\ip_arp_udp_tcp.o
                0x080048d4                packetloop_arp_icmp_tcp
 .text.NVIC_SystemReset
                0x08004bc8       0x24 Src\main.o
 .text.arpresolver_result_callback
                0x08004bec       0x18 Src\main.o
                0x08004bec                arpresolver_result_callback
 .text.browserresult_callback
                0x08004c04       0x44 Src\main.o
                0x08004c04                browserresult_callback
 .text.PrintIP  0x08004c48       0xe0 Src\main.o
                0x08004c48                PrintIP
 .text.ReadConstantsFromEEP
                0x08004d28       0xec Src\main.o
                0x08004d28                ReadConstantsFromEEP
 .text.WriteDefaultsToEEP
                0x08004e14       0x8c Src\main.o
                0x08004e14                WriteDefaultsToEEP
 .text.EEpromCheckAndRead
                0x08004ea0       0x5c Src\main.o
                0x08004ea0                EEpromCheckAndRead
 .text.HomePage
                0x08004efc       0xb4 Src\main.o
                0x08004efc                HomePage
 .text.net_poll
                0x08004fb0      0x51c Src\main.o
                0x08004fb0                net_poll
 .text.SystemClock_Config
                0x080054cc       0x84 Src\main.o
                0x080054cc                SystemClock_Config
 .text.startup.main
                0x08005550      0x46c Src\main.o
                0x08005550                main
 .text.HAL_GPIO_EXTI_Callback
                0x080059bc       0x14 Src\main.o
                0x080059bc                HAL_GPIO_EXTI_Callback
 .text._Error_Handler
                0x080059d0        0x2 Src\main.o
                0x080059d0                _Error_Handler
 *fill*         0x080059d2        0x2 
 .text.HAL_MspInit
                0x080059d4       0xa0 Src\stm32f1xx_hal_msp.o
                0x080059d4                HAL_MspInit
 .text.HAL_SPI_MspInit
                0x08005a74       0x54 Src\stm32f1xx_hal_msp.o
                0x08005a74                HAL_SPI_MspInit
 .text.HAL_TIM_Base_MspInit
                0x08005ac8       0x68 Src\stm32f1xx_hal_msp.o
                0x08005ac8                HAL_TIM_Base_MspInit
 .text.HAL_UART_MspInit
                0x08005b30       0x68 Src\stm32f1xx_hal_msp.o
                0x08005b30                HAL_UART_MspInit
 .text.NMI_Handler
                0x08005b98        0x2 Src\stm32f1xx_it.o
                0x08005b98                NMI_Handler
 .text.HardFault_Handler
                0x08005b9a        0x2 Src\stm32f1xx_it.o
                0x08005b9a                HardFault_Handler
 .text.MemManage_Handler
                0x08005b9c        0x2 Src\stm32f1xx_it.o
                0x08005b9c                MemManage_Handler
 .text.BusFault_Handler
                0x08005b9e        0x2 Src\stm32f1xx_it.o
                0x08005b9e                BusFault_Handler
 .text.UsageFault_Handler
                0x08005ba0        0x2 Src\stm32f1xx_it.o
                0x08005ba0                UsageFault_Handler
 .text.SVC_Handler
                0x08005ba2        0x2 Src\stm32f1xx_it.o
                0x08005ba2                SVC_Handler
 .text.DebugMon_Handler
                0x08005ba4        0x2 Src\stm32f1xx_it.o
                0x08005ba4                DebugMon_Handler
 .text.PendSV_Handler
                0x08005ba6        0x2 Src\stm32f1xx_it.o
                0x08005ba6                PendSV_Handler
 .text.SysTick_Handler
                0x08005ba8        0xe Src\stm32f1xx_it.o
                0x08005ba8                SysTick_Handler
 .text.EXTI2_IRQHandler
                0x08005bb6        0x6 Src\stm32f1xx_it.o
                0x08005bb6                EXTI2_IRQHandler
 .text.USB_LP_CAN1_RX0_IRQHandler
                0x08005bbc        0xc Src\stm32f1xx_it.o
                0x08005bbc                USB_LP_CAN1_RX0_IRQHandler
 .text.TIM1_UP_IRQHandler
                0x08005bc8       0x38 Src\stm32f1xx_it.o
                0x08005bc8                TIM1_UP_IRQHandler
 .text.TIM2_IRQHandler
                0x08005c00        0xc Src\stm32f1xx_it.o
                0x08005c00                TIM2_IRQHandler
 .text.USART1_IRQHandler
                0x08005c0c        0xc Src\stm32f1xx_it.o
                0x08005c0c                USART1_IRQHandler
 .text.SystemInit
                0x08005c18       0x4c Src\system_stm32f1xx.o
                0x08005c18                SystemInit
 .text.MX_USB_DEVICE_Init
                0x08005c64       0x38 Src\usb_device.o
                0x08005c64                MX_USB_DEVICE_Init
 .text.CDC_DeInit_FS
                0x08005c9c        0x4 Src\usbd_cdc_if.o
 .text.CDC_Control_FS
                0x08005ca0        0x4 Src\usbd_cdc_if.o
 .text.CDC_Receive_FS
                0x08005ca4       0x1c Src\usbd_cdc_if.o
 .text.CDC_Init_FS
                0x08005cc0       0x28 Src\usbd_cdc_if.o
 .text.HAL_PCD_MspInit
                0x08005ce8       0x3c Src\usbd_conf.o
                0x08005ce8                HAL_PCD_MspInit
 .text.HAL_PCD_SetupStageCallback
                0x08005d24        0xc Src\usbd_conf.o
                0x08005d24                HAL_PCD_SetupStageCallback
 .text.HAL_PCD_DataOutStageCallback
                0x08005d30       0x10 Src\usbd_conf.o
                0x08005d30                HAL_PCD_DataOutStageCallback
 .text.HAL_PCD_DataInStageCallback
                0x08005d40        0xe Src\usbd_conf.o
                0x08005d40                HAL_PCD_DataInStageCallback
 .text.HAL_PCD_SOFCallback
                0x08005d4e        0x8 Src\usbd_conf.o
                0x08005d4e                HAL_PCD_SOFCallback
 .text.HAL_PCD_ResetCallback
                0x08005d56       0x1a Src\usbd_conf.o
                0x08005d56                HAL_PCD_ResetCallback
 .text.HAL_PCD_SuspendCallback
                0x08005d70       0x20 Src\usbd_conf.o
                0x08005d70                HAL_PCD_SuspendCallback
 .text.HAL_PCD_ResumeCallback
                0x08005d90        0x8 Src\usbd_conf.o
                0x08005d90                HAL_PCD_ResumeCallback
 .text.USBD_LL_Init
                0x08005d98       0x90 Src\usbd_conf.o
                0x08005d98                USBD_LL_Init
 .text.USBD_LL_Start
                0x08005e28       0x1c Src\usbd_conf.o
                0x08005e28                USBD_LL_Start
 .text.USBD_LL_OpenEP
                0x08005e44       0x20 Src\usbd_conf.o
                0x08005e44                USBD_LL_OpenEP
 .text.USBD_LL_CloseEP
                0x08005e64       0x1c Src\usbd_conf.o
                0x08005e64                USBD_LL_CloseEP
 .text.USBD_LL_StallEP
                0x08005e80       0x1c Src\usbd_conf.o
                0x08005e80                USBD_LL_StallEP
 .text.USBD_LL_ClearStallEP
                0x08005e9c       0x1c Src\usbd_conf.o
                0x08005e9c                USBD_LL_ClearStallEP
 .text.USBD_LL_IsStallEP
                0x08005eb8       0x20 Src\usbd_conf.o
                0x08005eb8                USBD_LL_IsStallEP
 .text.USBD_LL_SetUSBAddress
                0x08005ed8       0x1c Src\usbd_conf.o
                0x08005ed8                USBD_LL_SetUSBAddress
 .text.USBD_LL_Transmit
                0x08005ef4       0x1c Src\usbd_conf.o
                0x08005ef4                USBD_LL_Transmit
 .text.USBD_LL_PrepareReceive
                0x08005f10       0x1c Src\usbd_conf.o
                0x08005f10                USBD_LL_PrepareReceive
 .text.USBD_LL_GetRxDataSize
                0x08005f2c        0xc Src\usbd_conf.o
                0x08005f2c                USBD_LL_GetRxDataSize
 .text.USBD_static_malloc
                0x08005f38        0x8 Src\usbd_conf.o
                0x08005f38                USBD_static_malloc
 .text.USBD_static_free
                0x08005f40        0x2 Src\usbd_conf.o
                0x08005f40                USBD_static_free
 .text.HAL_PCDEx_SetConnectionState
                0x08005f42        0x2 Src\usbd_conf.o
                0x08005f42                HAL_PCDEx_SetConnectionState
 .text.USBD_FS_DeviceDescriptor
                0x08005f44        0xc Src\usbd_desc.o
                0x08005f44                USBD_FS_DeviceDescriptor
 .text.USBD_FS_LangIDStrDescriptor
                0x08005f50        0xc Src\usbd_desc.o
                0x08005f50                USBD_FS_LangIDStrDescriptor
 .text.USBD_FS_ManufacturerStrDescriptor
                0x08005f5c       0x1c Src\usbd_desc.o
                0x08005f5c                USBD_FS_ManufacturerStrDescriptor
 .text.USBD_FS_ProductStrDescriptor
                0x08005f78       0x1c Src\usbd_desc.o
                0x08005f78                USBD_FS_ProductStrDescriptor
 .text.USBD_FS_SerialStrDescriptor
                0x08005f94       0x1c Src\usbd_desc.o
                0x08005f94                USBD_FS_SerialStrDescriptor
 .text.USBD_FS_ConfigStrDescriptor
                0x08005fb0       0x1c Src\usbd_desc.o
                0x08005fb0                USBD_FS_ConfigStrDescriptor
 .text.USBD_FS_InterfaceStrDescriptor
                0x08005fcc       0x1c Src\usbd_desc.o
                0x08005fcc                USBD_FS_InterfaceStrDescriptor
 .text.parse_ip
                0x08005fe8       0x7a Src\websrv_help_functions.o
                0x08005fe8                parse_ip
 .text.mk_net_str
                0x08006062       0x4c Src\websrv_help_functions.o
                0x08006062                mk_net_str
 *fill*         0x080060ae        0x2 
 .text.Reset_Handler
                0x080060b0       0x48 startup\startup_stm32f103xb.o
                0x080060b0                Reset_Handler
 .text.Default_Handler
                0x080060f8        0x2 startup\startup_stm32f103xb.o
                0x080060f8                RTC_Alarm_IRQHandler
                0x080060f8                TIM1_CC_IRQHandler
                0x080060f8                PVD_IRQHandler
                0x080060f8                EXTI3_IRQHandler
                0x080060f8                EXTI0_IRQHandler
                0x080060f8                I2C2_EV_IRQHandler
                0x080060f8                ADC1_2_IRQHandler
                0x080060f8                SPI1_IRQHandler
                0x080060f8                TAMPER_IRQHandler
                0x080060f8                DMA1_Channel4_IRQHandler
                0x080060f8                USART3_IRQHandler
                0x080060f8                RTC_IRQHandler
                0x080060f8                DMA1_Channel7_IRQHandler
                0x080060f8                CAN1_RX1_IRQHandler
                0x080060f8                TIM4_IRQHandler
                0x080060f8                I2C1_EV_IRQHandler
                0x080060f8                DMA1_Channel6_IRQHandler
                0x080060f8                TIM3_IRQHandler
                0x080060f8                RCC_IRQHandler
                0x080060f8                TIM1_TRG_COM_IRQHandler
                0x080060f8                DMA1_Channel1_IRQHandler
                0x080060f8                Default_Handler
                0x080060f8                EXTI15_10_IRQHandler
                0x080060f8                EXTI9_5_IRQHandler
                0x080060f8                SPI2_IRQHandler
                0x080060f8                DMA1_Channel5_IRQHandler
                0x080060f8                EXTI4_IRQHandler
                0x080060f8                USB_HP_CAN1_TX_IRQHandler
                0x080060f8                DMA1_Channel3_IRQHandler
                0x080060f8                WWDG_IRQHandler
                0x080060f8                TIM1_BRK_IRQHandler
                0x080060f8                EXTI1_IRQHandler
                0x080060f8                USART2_IRQHandler
                0x080060f8                I2C2_ER_IRQHandler
                0x080060f8                DMA1_Channel2_IRQHandler
                0x080060f8                CAN1_SCE_IRQHandler
                0x080060f8                FLASH_IRQHandler
                0x080060f8                I2C1_ER_IRQHandler
                0x080060f8                USBWakeUp_IRQHandler
 .text.atoi     0x080060fa        0x8 c:/program files (x86)/atollic/truestudio for stm32 9.3.0/armtools/bin/../lib/gcc/arm-atollic-eabi/6.3.1/../../../../arm-atollic-eabi/lib/armv7-m\libc_nano.a(lib_a-atoi.o)
                0x080060fa                atoi
 *fill*         0x08006102        0x2 
 .text.__libc_init_array
                0x08006104       0x48 c:/program files (x86)/atollic/truestudio for stm32 9.3.0/armtools/bin/../lib/gcc/arm-atollic-eabi/6.3.1/../../../../arm-atollic-eabi/lib/armv7-m\libc_nano.a(lib_a-init.o)
                0x08006104                __libc_init_array
 .text.isblank  0x0800614c       0x20 c:/program files (x86)/atollic/truestudio for stm32 9.3.0/armtools/bin/../lib/gcc/arm-atollic-eabi/6.3.1/../../../../arm-atollic-eabi/lib/armv7-m\libc_nano.a(lib_a-isblank.o)
                0x0800614c                isblank
 .text.__itoa   0x0800616c       0x30 c:/program files (x86)/atollic/truestudio for stm32 9.3.0/armtools/bin/../lib/gcc/arm-atollic-eabi/6.3.1/../../../../arm-atollic-eabi/lib/armv7-m\libc_nano.a(lib_a-itoa.o)
                0x0800616c                __itoa
 .text.itoa     0x0800619c        0x4 c:/program files (x86)/atollic/truestudio for stm32 9.3.0/armtools/bin/../lib/gcc/arm-atollic-eabi/6.3.1/../../../../arm-atollic-eabi/lib/armv7-m\libc_nano.a(lib_a-itoa.o)
                0x0800619c                itoa
 .text.__locale_ctype_ptr_l
                0x080061a0        0x6 c:/program files (x86)/atollic/truestudio for stm32 9.3.0/armtools/bin/../lib/gcc/arm-atollic-eabi/6.3.1/../../../../arm-atollic-eabi/lib/armv7-m\libc_nano.a(lib_a-locale.o)
                0x080061a0                __locale_ctype_ptr_l
 *fill*         0x080061a6        0x2 
 .text.__locale_ctype_ptr
                0x080061a8       0x1c c:/program files (x86)/atollic/truestudio for stm32 9.3.0/armtools/bin/../lib/gcc/arm-atollic-eabi/6.3.1/../../../../arm-atollic-eabi/lib/armv7-m\libc_nano.a(lib_a-locale.o)
                0x080061a8                __locale_ctype_ptr
 .text.__ascii_mbtowc
                0x080061c4       0x24 c:/program files (x86)/atollic/truestudio for stm32 9.3.0/armtools/bin/../lib/gcc/arm-atollic-eabi/6.3.1/../../../../arm-atollic-eabi/lib/armv7-m\libc_nano.a(lib_a-mbtowc_r.o)
                0x080061c4                __ascii_mbtowc
 .text.memcmp   0x080061e8       0x1e c:/program files (x86)/atollic/truestudio for stm32 9.3.0/armtools/bin/../lib/gcc/arm-atollic-eabi/6.3.1/../../../../arm-atollic-eabi/lib/armv7-m\libc_nano.a(lib_a-memcmp.o)
                0x080061e8                memcmp
 *fill*         0x08006206        0x2 
 .text.snprintf
                0x08006208       0x68 c:/program files (x86)/atollic/truestudio for stm32 9.3.0/armtools/bin/../lib/gcc/arm-atollic-eabi/6.3.1/../../../../arm-atollic-eabi/lib/armv7-m\libc_nano.a(lib_a-snprintf.o)
                0x08006208                sniprintf
                0x08006208                snprintf
 .text.strcpy   0x08006270       0x10 c:/program files (x86)/atollic/truestudio for stm32 9.3.0/armtools/bin/../lib/gcc/arm-atollic-eabi/6.3.1/../../../../arm-atollic-eabi/lib/armv7-m\libc_nano.a(lib_a-strcpy.o)
                0x08006270                strcpy
 .text.strncmp  0x08006280       0x24 c:/program files (x86)/atollic/truestudio for stm32 9.3.0/armtools/bin/../lib/gcc/arm-atollic-eabi/6.3.1/../../../../arm-atollic-eabi/lib/armv7-m\libc_nano.a(lib_a-strncmp.o)
                0x08006280                strncmp
 .text.strstr   0x080062a4       0x36 c:/program files (x86)/atollic/truestudio for stm32 9.3.0/armtools/bin/../lib/gcc/arm-atollic-eabi/6.3.1/../../../../arm-atollic-eabi/lib/armv7-m\libc_nano.a(lib_a-strstr.o)
                0x080062a4                strstr
 .text._strtol_l.isra.0
                0x080062da      0x100 c:/program files (x86)/atollic/truestudio for stm32 9.3.0/armtools/bin/../lib/gcc/arm-atollic-eabi/6.3.1/../../../../arm-atollic-eabi/lib/armv7-m\libc_nano.a(lib_a-strtol.o)
 *fill*         0x080063da        0x2 
 .text.strtol   0x080063dc       0x2c c:/program files (x86)/atollic/truestudio for stm32 9.3.0/armtools/bin/../lib/gcc/arm-atollic-eabi/6.3.1/../../../../arm-atollic-eabi/lib/armv7-m\libc_nano.a(lib_a-strtol.o)
                0x080063dc                strtol
 .text.__utoa   0x08006408       0x80 c:/program files (x86)/atollic/truestudio for stm32 9.3.0/armtools/bin/../lib/gcc/arm-atollic-eabi/6.3.1/../../../../arm-atollic-eabi/lib/armv7-m\libc_nano.a(lib_a-utoa.o)
                0x08006408                __utoa
 .text.__ascii_wctomb
                0x08006488       0x1a c:/program files (x86)/atollic/truestudio for stm32 9.3.0/armtools/bin/../lib/gcc/arm-atollic-eabi/6.3.1/../../../../arm-atollic-eabi/lib/armv7-m\libc_nano.a(lib_a-wctomb_r.o)
                0x08006488                __ascii_wctomb
 .text.__ssputs_r
                0x080064a2       0xb6 c:/program files (x86)/atollic/truestudio for stm32 9.3.0/armtools/bin/../lib/gcc/arm-atollic-eabi/6.3.1/../../../../arm-atollic-eabi/lib/armv7-m\libc_nano.a(lib_a-nano-svfprintf.o)
                0x080064a2                __ssputs_r
 .text._svfprintf_r
                0x08006558      0x1e8 c:/program files (x86)/atollic/truestudio for stm32 9.3.0/armtools/bin/../lib/gcc/arm-atollic-eabi/6.3.1/../../../../arm-atollic-eabi/lib/armv7-m\libc_nano.a(lib_a-nano-svfprintf.o)
                0x08006558                _svfiprintf_r
                0x08006558                _svfprintf_r
 .text._printf_common
                0x08006740       0xee c:/program files (x86)/atollic/truestudio for stm32 9.3.0/armtools/bin/../lib/gcc/arm-atollic-eabi/6.3.1/../../../../arm-atollic-eabi/lib/armv7-m\libc_nano.a(lib_a-nano-vfprintf_i.o)
                0x08006740                _printf_common
 *fill*         0x0800682e        0x2 
 .text._printf_i
                0x08006830      0x240 c:/program files (x86)/atollic/truestudio for stm32 9.3.0/armtools/bin/../lib/gcc/arm-atollic-eabi/6.3.1/../../../../arm-atollic-eabi/lib/armv7-m\libc_nano.a(lib_a-nano-vfprintf_i.o)
                0x08006830                _printf_i
 .text.memchr   0x08006a70       0x1c c:/program files (x86)/atollic/truestudio for stm32 9.3.0/armtools/bin/../lib/gcc/arm-atollic-eabi/6.3.1/../../../../arm-atollic-eabi/lib/armv7-m\libc_nano.a(lib_a-memchr-stub.o)
                0x08006a70                memchr
 .text.memcpy   0x08006a8c       0x16 c:/program files (x86)/atollic/truestudio for stm32 9.3.0/armtools/bin/../lib/gcc/arm-atollic-eabi/6.3.1/../../../../arm-atollic-eabi/lib/armv7-m\libc_nano.a(lib_a-memcpy-stub.o)
                0x08006a8c                memcpy
 .text.memmove  0x08006aa2       0x34 c:/program files (x86)/atollic/truestudio for stm32 9.3.0/armtools/bin/../lib/gcc/arm-atollic-eabi/6.3.1/../../../../arm-atollic-eabi/lib/armv7-m\libc_nano.a(lib_a-memmove.o)
                0x08006aa2                memmove
 *fill*         0x08006ad6        0x2 
 .text._free_r  0x08006ad8       0x98 c:/program files (x86)/atollic/truestudio for stm32 9.3.0/armtools/bin/../lib/gcc/arm-atollic-eabi/6.3.1/../../../../arm-atollic-eabi/lib/armv7-m\libc_nano.a(lib_a-nano-freer.o)
                0x08006ad8                _free_r
 .text._malloc_r
                0x08006b70       0xbc c:/program files (x86)/atollic/truestudio for stm32 9.3.0/armtools/bin/../lib/gcc/arm-atollic-eabi/6.3.1/../../../../arm-atollic-eabi/lib/armv7-m\libc_nano.a(lib_a-nano-mallocr.o)
                0x08006b70                _malloc_r
 .text._realloc_r
                0x08006c2c       0x4c c:/program files (x86)/atollic/truestudio for stm32 9.3.0/armtools/bin/../lib/gcc/arm-atollic-eabi/6.3.1/../../../../arm-atollic-eabi/lib/armv7-m\libc_nano.a(lib_a-nano-reallocr.o)
                0x08006c2c                _realloc_r
 .text._sbrk_r  0x08006c78       0x20 c:/program files (x86)/atollic/truestudio for stm32 9.3.0/armtools/bin/../lib/gcc/arm-atollic-eabi/6.3.1/../../../../arm-atollic-eabi/lib/armv7-m\libc_nano.a(lib_a-sbrkr.o)
                0x08006c78                _sbrk_r
 .text.__malloc_lock
                0x08006c98        0x2 c:/program files (x86)/atollic/truestudio for stm32 9.3.0/armtools/bin/../lib/gcc/arm-atollic-eabi/6.3.1/../../../../arm-atollic-eabi/lib/armv7-m\libc_nano.a(lib_a-mlock.o)
                0x08006c98                __malloc_lock
 .text.__malloc_unlock
                0x08006c9a        0x2 c:/program files (x86)/atollic/truestudio for stm32 9.3.0/armtools/bin/../lib/gcc/arm-atollic-eabi/6.3.1/../../../../arm-atollic-eabi/lib/armv7-m\libc_nano.a(lib_a-mlock.o)
                0x08006c9a                __malloc_unlock
 .text._malloc_usable_size_r
                0x08006c9c       0x12 c:/program files (x86)/atollic/truestudio for stm32 9.3.0/armtools/bin/../lib/gcc/arm-atollic-eabi/6.3.1/../../../../arm-atollic-eabi/lib/armv7-m\libc_nano.a(lib_a-nano-msizer.o)
                0x08006c9c                _malloc_usable_size_r
 *fill*         0x08006cae        0x2 
 .text._sbrk    0x08006cb0       0x1c c:/program files (x86)/atollic/truestudio for stm32 9.3.0/armtools/bin/../lib/gcc/arm-atollic-eabi/6.3.1/../../../../arm-atollic-eabi/lib/armv7-m\libnosys.a(sbrk.o)
                0x08006cb0                _sbrk
 *(.glue_7)
 .glue_7        0x08006ccc        0x0 linker stubs
 *(.glue_7t)
 .glue_7t       0x08006ccc        0x0 linker stubs
 *(.eh_frame)
 .eh_frame      0x08006ccc        0x0 c:/program files (x86)/atollic/truestudio for stm32 9.3.0/armtools/bin/../lib/gcc/arm-atollic-eabi/6.3.1/armv7-m/crtbegin.o
 *(.init)
 .init          0x08006ccc        0x4 c:/program files (x86)/atollic/truestudio for stm32 9.3.0/armtools/bin/../lib/gcc/arm-atollic-eabi/6.3.1/armv7-m/crti.o
                0x08006ccc                _init
 .init          0x08006cd0        0x8 c:/program files (x86)/atollic/truestudio for stm32 9.3.0/armtools/bin/../lib/gcc/arm-atollic-eabi/6.3.1/armv7-m/crtn.o
 *(.fini)
 .fini          0x08006cd8        0x4 c:/program files (x86)/atollic/truestudio for stm32 9.3.0/armtools/bin/../lib/gcc/arm-atollic-eabi/6.3.1/armv7-m/crti.o
                0x08006cd8                _fini
 .fini          0x08006cdc        0x8 c:/program files (x86)/atollic/truestudio for stm32 9.3.0/armtools/bin/../lib/gcc/arm-atollic-eabi/6.3.1/armv7-m/crtn.o
                0x08006ce4                . = ALIGN (0x4)
                0x08006ce4                _etext = .

.vfp11_veneer   0x08006ce4        0x0
 .vfp11_veneer  0x08006ce4        0x0 linker stubs

.v4_bx          0x08006ce4        0x0
 .v4_bx         0x08006ce4        0x0 linker stubs

.iplt           0x08006ce4        0x0
 .iplt          0x08006ce4        0x0 c:/program files (x86)/atollic/truestudio for stm32 9.3.0/armtools/bin/../lib/gcc/arm-atollic-eabi/6.3.1/armv7-m/crtbegin.o

.rodata         0x08006ce4      0xef8
                0x08006ce4                . = ALIGN (0x4)
 *(.rodata)
 .rodata        0x08006ce4       0x10 Drivers\STM32F1xx_HAL_Driver\Src\stm32f1xx_hal_rcc.o
 .rodata        0x08006cf4        0x6 Src\dhcp_client.o
 *(.rodata*)
 .rodata.packetloop_dhcp_initial_ip_assignment.str1.1
                0x08006cfa       0x1b Src\dhcp_client.o
 .rodata.ENC28J60_SendByte.str1.1
                0x08006d15       0x12 Src\enc28j60.o
 .rodata.arpreqhdr
                0x08006d27        0x8 Src\ip_arp_udp_tcp.o
                0x08006d27                arpreqhdr
 .rodata.iphdr  0x08006d2f        0x9 Src\ip_arp_udp_tcp.o
                0x08006d2f                iphdr
 .rodata.www_client_internal_datafill_callback.str1.1
                0x08006d38       0xce Src\ip_arp_udp_tcp.o
                                 0xd1 (size before relaxing)
 .rodata.EEpromCheckAndRead.str1.1
                0x08006e06       0x26 Src\main.o
 .rodata.PrintIP.str1.1
                0x08006e2c       0x78 Src\main.o
 .rodata.ReadConstantsFromEEP.str1.1
                0x08006ea4       0x11 Src\main.o
 .rodata.WriteDefaultsToEEP.str1.1
                0x08006eb5       0x1c Src\main.o
 .rodata.Write_page
                0x08006ed1       0xbc Src\main.o
                0x08006ed1                Write_page
 .rodata.browserresult_callback.str1.1
                0x08006f8d       0x1f Src\main.o
 .rodata.dhcp_page_false
                0x08006fac       0xdd Src\main.o
                0x08006fac                dhcp_page_false
 .rodata.dhcp_page_true
                0x08007089       0xd6 Src\main.o
                0x08007089                dhcp_page_true
 .rodata.home_page
                0x0800715f      0x49b Src\main.o
                0x0800715f                home_page
 .rodata.lock_off_html
                0x080075fa       0x7f Src\main.o
                0x080075fa                lock_off_html
 .rodata.lock_on_html
                0x08007679       0x7e Src\main.o
                0x08007679                lock_on_html
 .rodata.main.str1.1
                0x080076f7      0x14b Src\main.o
 .rodata.net_poll.str1.1
                0x08007842      0x1b7 Src\main.o
                                0x1bd (size before relaxing)
 .rodata.AHBPrescTable
                0x080079f9       0x10 Src\system_stm32f1xx.o
                0x080079f9                AHBPrescTable
 .rodata.APBPrescTable
                0x08007a09        0x8 Src\system_stm32f1xx.o
                0x08007a09                APBPrescTable
 .rodata.CSWTCH.39
                0x08007a11        0x4 Src\usbd_conf.o
 .rodata.USBD_LL_Init.str1.1
                0x08007a15       0x13 Src\usbd_conf.o
 .rodata.USBD_FS_ConfigStrDescriptor.str1.1
                0x08007a28        0xb Src\usbd_desc.o
 .rodata.USBD_FS_InterfaceStrDescriptor.str1.1
                0x08007a33        0xe Src\usbd_desc.o
 .rodata.USBD_FS_ManufacturerStrDescriptor.str1.1
                0x08007a41       0x13 Src\usbd_desc.o
 .rodata.USBD_FS_ProductStrDescriptor.str1.1
                0x08007a54       0x16 Src\usbd_desc.o
 .rodata.USBD_FS_SerialStrDescriptor.str1.1
                0x08007a6a        0xd Src\usbd_desc.o
 .rodata._setlocale_r.str1.1
                0x08007a77        0x8 c:/program files (x86)/atollic/truestudio for stm32 9.3.0/armtools/bin/../lib/gcc/arm-atollic-eabi/6.3.1/../../../../arm-atollic-eabi/lib/armv7-m\libc_nano.a(lib_a-locale.o)
                                  0x9 (size before relaxing)
 .rodata.str1.1
                0x08007a7f        0x2 c:/program files (x86)/atollic/truestudio for stm32 9.3.0/armtools/bin/../lib/gcc/arm-atollic-eabi/6.3.1/../../../../arm-atollic-eabi/lib/armv7-m\libc_nano.a(lib_a-locale.o)
 .rodata.__utoa.str1.1
                0x08007a81       0x25 c:/program files (x86)/atollic/truestudio for stm32 9.3.0/armtools/bin/../lib/gcc/arm-atollic-eabi/6.3.1/../../../../arm-atollic-eabi/lib/armv7-m\libc_nano.a(lib_a-utoa.o)
 .rodata._ctype_
                0x08007aa6      0x101 c:/program files (x86)/atollic/truestudio for stm32 9.3.0/armtools/bin/../lib/gcc/arm-atollic-eabi/6.3.1/../../../../arm-atollic-eabi/lib/armv7-m\libc_nano.a(lib_a-ctype_.o)
                0x08007aa6                _ctype_
 .rodata._svfprintf_r.str1.1
                0x08007ba7       0x11 c:/program files (x86)/atollic/truestudio for stm32 9.3.0/armtools/bin/../lib/gcc/arm-atollic-eabi/6.3.1/../../../../arm-atollic-eabi/lib/armv7-m\libc_nano.a(lib_a-nano-svfprintf.o)
 .rodata._printf_i.str1.1
                0x08007bb8       0x22 c:/program files (x86)/atollic/truestudio for stm32 9.3.0/armtools/bin/../lib/gcc/arm-atollic-eabi/6.3.1/../../../../arm-atollic-eabi/lib/armv7-m\libc_nano.a(lib_a-nano-vfprintf_i.o)
                0x08007bdc                . = ALIGN (0x4)
 *fill*         0x08007bda        0x2 

.rel.dyn        0x08007bdc        0x0
 .rel.iplt      0x08007bdc        0x0 c:/program files (x86)/atollic/truestudio for stm32 9.3.0/armtools/bin/../lib/gcc/arm-atollic-eabi/6.3.1/armv7-m/crtbegin.o

.ARM.extab
 *(.ARM.extab* .gnu.linkonce.armextab.*)

.ARM            0x08007bdc        0x0
                0x08007bdc                __exidx_start = .
 *(.ARM.exidx*)
                0x08007bdc                __exidx_end = .

.preinit_array  0x08007bdc        0x0
                0x08007bdc                PROVIDE (__preinit_array_start, .)
 *(.preinit_array*)
                0x08007bdc                PROVIDE (__preinit_array_end, .)

.init_array     0x08007bdc        0x4
                0x08007bdc                PROVIDE (__init_array_start, .)
 *(SORT(.init_array.*))
 *(.init_array*)
 .init_array    0x08007bdc        0x4 c:/program files (x86)/atollic/truestudio for stm32 9.3.0/armtools/bin/../lib/gcc/arm-atollic-eabi/6.3.1/armv7-m/crtbegin.o
                0x08007be0                PROVIDE (__init_array_end, .)

.fini_array     0x08007be0        0x4
                [!provide]                PROVIDE (__fini_array_start, .)
 *(SORT(.fini_array.*))
 *(.fini_array*)
 .fini_array    0x08007be0        0x4 c:/program files (x86)/atollic/truestudio for stm32 9.3.0/armtools/bin/../lib/gcc/arm-atollic-eabi/6.3.1/armv7-m/crtbegin.o
                [!provide]                PROVIDE (__fini_array_end, .)
                0x08007be4                _sidata = LOADADDR (.data)

.data           0x20000000      0x348 load address 0x08007be4
                0x20000000                . = ALIGN (0x4)
                0x20000000                _sdata = .
 *(.data)
 *(.data*)
 .data.uwTickFreq
                0x20000000        0x1 Drivers\STM32F1xx_HAL_Driver\Src\stm32f1xx_hal.o
                0x20000000                uwTickFreq
 *fill*         0x20000001        0x3 
 .data.uwTickPrio
                0x20000004        0x4 Drivers\STM32F1xx_HAL_Driver\Src\stm32f1xx_hal.o
                0x20000004                uwTickPrio
 .data.USBD_CDC
                0x20000008       0x38 Middlewares\ST\STM32_USB_Device_Library\Class\CDC\Src\usbd_cdc.o
                0x20000008                USBD_CDC
 .data.USBD_CDC_CfgFSDesc
                0x20000040       0x43 Middlewares\ST\STM32_USB_Device_Library\Class\CDC\Src\usbd_cdc.o
                0x20000040                USBD_CDC_CfgFSDesc
 *fill*         0x20000083        0x1 
 .data.USBD_CDC_CfgHSDesc
                0x20000084       0x43 Middlewares\ST\STM32_USB_Device_Library\Class\CDC\Src\usbd_cdc.o
                0x20000084                USBD_CDC_CfgHSDesc
 *fill*         0x200000c7        0x1 
 .data.USBD_CDC_DeviceQualifierDesc
                0x200000c8        0xa Middlewares\ST\STM32_USB_Device_Library\Class\CDC\Src\usbd_cdc.o
 *fill*         0x200000d2        0x2 
 .data.USBD_CDC_OtherSpeedCfgDesc
                0x200000d4       0x43 Middlewares\ST\STM32_USB_Device_Library\Class\CDC\Src\usbd_cdc.o
                0x200000d4                USBD_CDC_OtherSpeedCfgDesc
 *fill*         0x20000117        0x1 
 .data.init.8147
                0x20000118        0x4 Src\dhcp_client.o
 .data.dnsip    0x2000011c        0x4 Src\dnslkup.o
 .data.arp_delaycnt
                0x20000120        0x2 Src\ip_arp_udp_tcp.o
 .data.ipid     0x20000122        0x1 Src\ip_arp_udp_tcp.o
 .data.ipnetmask
                0x20000123        0x4 Src\ip_arp_udp_tcp.o
 .data.seqnum   0x20000127        0x1 Src\ip_arp_udp_tcp.o
 .data.tcpclient_src_port_l
                0x20000128        0x1 Src\ip_arp_udp_tcp.o
 .data.wwwport_l
                0x20000129        0x1 Src\ip_arp_udp_tcp.o
 .data.cnt      0x2000012a        0x2 Src\main.o
                0x2000012a                cnt
 .data.otherside_www_ip
                0x2000012c        0x4 Src\main.o
 .data.SystemCoreClock
                0x20000130        0x4 Src\system_stm32f1xx.o
                0x20000130                SystemCoreClock
 .data.USBD_Interface_fops_FS
                0x20000134       0x10 Src\usbd_cdc_if.o
                0x20000134                USBD_Interface_fops_FS
 .data.FS_Desc  0x20000144       0x1c Src\usbd_desc.o
                0x20000144                FS_Desc
 .data.USBD_FS_DeviceDesc
                0x20000160       0x12 Src\usbd_desc.o
                0x20000160                USBD_FS_DeviceDesc
 *fill*         0x20000172        0x2 
 .data.USBD_LangIDDesc
                0x20000174        0x4 Src\usbd_desc.o
                0x20000174                USBD_LangIDDesc
 .data.__global_locale
                0x20000178      0x16c c:/program files (x86)/atollic/truestudio for stm32 9.3.0/armtools/bin/../lib/gcc/arm-atollic-eabi/6.3.1/../../../../arm-atollic-eabi/lib/armv7-m\libc_nano.a(lib_a-locale.o)
                0x20000178                __global_locale
 .data._impure_ptr
                0x200002e4        0x4 c:/program files (x86)/atollic/truestudio for stm32 9.3.0/armtools/bin/../lib/gcc/arm-atollic-eabi/6.3.1/../../../../arm-atollic-eabi/lib/armv7-m\libc_nano.a(lib_a-impure.o)
                0x200002e4                _impure_ptr
 .data.impure_data
                0x200002e8       0x60 c:/program files (x86)/atollic/truestudio for stm32 9.3.0/armtools/bin/../lib/gcc/arm-atollic-eabi/6.3.1/../../../../arm-atollic-eabi/lib/armv7-m\libc_nano.a(lib_a-impure.o)
                0x20000348                . = ALIGN (0x4)
                0x20000348                _edata = .

.igot.plt       0x20000348        0x0 load address 0x08007f2c
 .igot.plt      0x20000348        0x0 c:/program files (x86)/atollic/truestudio for stm32 9.3.0/armtools/bin/../lib/gcc/arm-atollic-eabi/6.3.1/armv7-m/crtbegin.o
                0x20000348                . = ALIGN (0x4)

.bss            0x20000348     0x18ec load address 0x08007f2c
                0x20000348                _sbss = .
                0x20000348                __bss_start__ = _sbss
 *(.bss)
 .bss           0x20000348       0x1c c:/program files (x86)/atollic/truestudio for stm32 9.3.0/armtools/bin/../lib/gcc/arm-atollic-eabi/6.3.1/armv7-m/crtbegin.o
 *(.bss*)
 .bss.ifalt.8212
                0x20000364        0x1 Middlewares\ST\STM32_USB_Device_Library\Class\CDC\Src\usbd_cdc.o
 .bss.cfgidx.8217
                0x20000365        0x1 Middlewares\ST\STM32_USB_Device_Library\Core\Src\usbd_ctlreq.o
 .bss.dhcp_6sec_cnt
                0x20000366        0x1 Src\dhcp_client.o
 .bss.dhcp_opt_defaultgw
                0x20000367        0x4 Src\dhcp_client.o
 *fill*         0x2000036b        0x1 
 .bss.dhcp_opt_leasetime_minutes
                0x2000036c        0x2 Src\dhcp_client.o
 .bss.dhcp_opt_mask
                0x2000036e        0x4 Src\dhcp_client.o
 .bss.dhcp_opt_server_id
                0x20000372        0x4 Src\dhcp_client.o
 .bss.dhcp_tid  0x20000376        0x1 Src\dhcp_client.o
 .bss.dhcp_yiaddr
                0x20000377        0x4 Src\dhcp_client.o
 .bss.dns_ansError
                0x2000037b        0x1 Src\dnslkup.o
 .bss.dns_answerip
                0x2000037c        0x4 Src\dnslkup.o
 .bss.dnstid_l  0x20000380        0x1 Src\dnslkup.o
 .bss.haveDNSanswer
                0x20000381        0x1 Src\dnslkup.o
 .bss.Enc28j60Bank
                0x20000382        0x1 Src\enc28j60.o
 .bss.erxfcon   0x20000383        0x1 Src\enc28j60.o
 .bss.gNextPacketPtr
                0x20000384        0x2 Src\enc28j60.o
 *fill*         0x20000386        0x2 
 .bss.hspi      0x20000388        0x4 Src\enc28j60.o
 .bss.arp_reference_number
                0x2000038c        0x1 Src\ip_arp_udp_tcp.o
 .bss.arpip     0x2000038d        0x4 Src\ip_arp_udp_tcp.o
 .bss.arpip_state
                0x20000391        0x1 Src\ip_arp_udp_tcp.o
 .bss.browsertype
                0x20000392        0x1 Src\ip_arp_udp_tcp.o
 *fill*         0x20000393        0x1 
 .bss.bufptr    0x20000394        0x4 Src\ip_arp_udp_tcp.o
 .bss.client_additionalheaderline_p
                0x20000398        0x4 Src\ip_arp_udp_tcp.o
 .bss.client_browser_callback
                0x2000039c        0x4 Src\ip_arp_udp_tcp.o
 .bss.client_hoststr
                0x200003a0        0x4 Src\ip_arp_udp_tcp.o
 .bss.client_postval
                0x200003a4        0x4 Src\ip_arp_udp_tcp.o
 .bss.client_tcp_datafill_callback
                0x200003a8        0x4 Src\ip_arp_udp_tcp.o
 .bss.client_tcp_result_callback
                0x200003ac        0x4 Src\ip_arp_udp_tcp.o
 .bss.client_urlbuf_p
                0x200003b0        0x4 Src\ip_arp_udp_tcp.o
 .bss.client_urlbuf_var
                0x200003b4        0x4 Src\ip_arp_udp_tcp.o
 .bss.icmp_callback
                0x200003b8        0x4 Src\ip_arp_udp_tcp.o
 .bss.info_data_len
                0x200003bc        0x2 Src\ip_arp_udp_tcp.o
 .bss.ipaddr    0x200003be        0x4 Src\ip_arp_udp_tcp.o
 .bss.macaddr   0x200003c2        0x6 Src\ip_arp_udp_tcp.o
 .bss.tcp_client_port
                0x200003c8        0x2 Src\ip_arp_udp_tcp.o
 .bss.tcp_client_state
                0x200003ca        0x1 Src\ip_arp_udp_tcp.o
 .bss.tcp_dst_mac
                0x200003cb        0x6 Src\ip_arp_udp_tcp.o
 .bss.tcp_fd    0x200003d1        0x1 Src\ip_arp_udp_tcp.o
 .bss.tcp_otherside_ip
                0x200003d2        0x4 Src\ip_arp_udp_tcp.o
 .bss.www_fd    0x200003d6        0x1 Src\ip_arp_udp_tcp.o
 .bss.wwwport_h
                0x200003d7        0x1 Src\ip_arp_udp_tcp.o
 .bss.dns_state
                0x200003d8        0x1 Src\main.o
                0x200003d8                dns_state
 .bss.gw_arp_state
                0x200003d9        0x1 Src\main.o
                0x200003d9                gw_arp_state
 .bss.rval      0x200003da        0x1 Src\main.o
                0x200003da                rval
 .bss.sec       0x200003db        0x1 Src\main.o
                0x200003db                sec
 .bss.start_web_client
                0x200003dc        0x1 Src\main.o
                0x200003dc                start_web_client
 .bss.web_client_attempts
                0x200003dd        0x1 Src\main.o
                0x200003dd                web_client_attempts
 .bss.web_client_sendok
                0x200003de        0x1 Src\main.o
                0x200003de                web_client_sendok
 .bss.gsec      0x200003df        0x1 Src\stm32f1xx_it.o
                0x200003df                gsec
 .bss.mem.8371  0x200003e0      0x220 Src\usbd_conf.o
 .bss.__malloc_free_list
                0x20000600        0x4 c:/program files (x86)/atollic/truestudio for stm32 9.3.0/armtools/bin/../lib/gcc/arm-atollic-eabi/6.3.1/../../../../arm-atollic-eabi/lib/armv7-m\libc_nano.a(lib_a-nano-mallocr.o)
                0x20000600                __malloc_free_list
 .bss.__malloc_sbrk_start
                0x20000604        0x4 c:/program files (x86)/atollic/truestudio for stm32 9.3.0/armtools/bin/../lib/gcc/arm-atollic-eabi/6.3.1/../../../../arm-atollic-eabi/lib/armv7-m\libc_nano.a(lib_a-nano-mallocr.o)
                0x20000604                __malloc_sbrk_start
 .bss.heap_end.4116
                0x20000608        0x4 c:/program files (x86)/atollic/truestudio for stm32 9.3.0/armtools/bin/../lib/gcc/arm-atollic-eabi/6.3.1/../../../../arm-atollic-eabi/lib/armv7-m\libnosys.a(sbrk.o)
 *(COMMON)
 COMMON         0x2000060c        0x4 Drivers\STM32F1xx_HAL_Driver\Src\stm32f1xx_hal.o
                0x2000060c                uwTick
 COMMON         0x20000610       0x20 Drivers\STM32F1xx_HAL_Driver\Src\stm32f1xx_hal_flash.o
                0x20000610                pFlash
 COMMON         0x20000630      0x800 Src\eeprom.o
                0x20000630                EEPROMPageBackup
 COMMON         0x20000e30        0x4 Src\ip_arp_udp_tcp.o
                0x20000e30                client_arp_result_callback
 COMMON         0x20000e34      0x56d Src\main.o
                0x20000e34                p_len
                0x20000e36                dnsip
                0x20000e3a                destip
                0x20000e3e                lock_sens
                0x20000e40                client_data_ready
                0x20000e41                flag
                0x20000e45                ipaddr
                0x20000e49                netmask
                0x20000e4d                lock_status_hw
                0x20000e4f                net_buf
                0x20001250                huart1
                0x20001290                pingsrcip
                0x20001294                dat_p
                0x20001298                htim1
                0x200012d8                destmac
                0x200012de                gwip
                0x200012e2                hisip
                0x200012e8                hspi1
                0x20001340                htim2
                0x20001380                mymac
                0x20001386                gwmac
                0x2000138c                urlvarstr
 *fill*         0x200013a1        0x3 
 COMMON         0x200013a4      0x224 Src\usb_device.o
                0x200013a4                hUsbDeviceFS
 COMMON         0x200015c8        0x8 Src\usbd_cdc_if.o
                0x200015c8                UserRxBufferFS
                0x200015cc                UserTxBufferFS
 COMMON         0x200015d0      0x460 Src\usbd_conf.o
                0x200015d0                hpcd_USB_FS
 COMMON         0x20001a30      0x200 Src\usbd_desc.o
                0x20001a30                USBD_StrDesc
 COMMON         0x20001c30        0x4 c:/program files (x86)/atollic/truestudio for stm32 9.3.0/armtools/bin/../lib/gcc/arm-atollic-eabi/6.3.1/../../../../arm-atollic-eabi/lib/armv7-m\libc_nano.a(lib_a-reent.o)
                0x20001c30                errno
                0x20001c34                . = ALIGN (0x4)
                0x20001c34                _ebss = .
                0x20001c34                __bss_end__ = _ebss

._user_heap_stack
                0x20001c34      0x600 load address 0x08007f2c
                0x20001c34                . = ALIGN (0x4)
                0x20001c34                PROVIDE (end, .)
                [!provide]                PROVIDE (_end, .)
                0x20001e34                . = (. + _Min_Heap_Size)
 *fill*         0x20001c34      0x200 
                0x20002234                . = (. + _Min_Stack_Size)
 *fill*         0x20001e34      0x400 
                0x20002234                . = ALIGN (0x4)

/DISCARD/
 libc.a(*)
 libm.a(*)
 libgcc.a(*)

.ARM.attributes
                0x00000000       0x29
 *(.ARM.attributes)
 .ARM.attributes
                0x00000000       0x1d c:/program files (x86)/atollic/truestudio for stm32 9.3.0/armtools/bin/../lib/gcc/arm-atollic-eabi/6.3.1/armv7-m/crti.o
 .ARM.attributes
                0x0000001d       0x2d c:/program files (x86)/atollic/truestudio for stm32 9.3.0/armtools/bin/../lib/gcc/arm-atollic-eabi/6.3.1/armv7-m/crtbegin.o
 .ARM.attributes
                0x0000004a       0x33 Drivers\STM32F1xx_HAL_Driver\Src\stm32f1xx_hal.o
 .ARM.attributes
                0x0000007d       0x33 Drivers\STM32F1xx_HAL_Driver\Src\stm32f1xx_hal_cortex.o
 .ARM.attributes
                0x000000b0       0x33 Drivers\STM32F1xx_HAL_Driver\Src\stm32f1xx_hal_dma.o
 .ARM.attributes
                0x000000e3       0x33 Drivers\STM32F1xx_HAL_Driver\Src\stm32f1xx_hal_flash.o
 .ARM.attributes
                0x00000116       0x33 Drivers\STM32F1xx_HAL_Driver\Src\stm32f1xx_hal_flash_ex.o
 .ARM.attributes
                0x00000149       0x33 Drivers\STM32F1xx_HAL_Driver\Src\stm32f1xx_hal_gpio.o
 .ARM.attributes
                0x0000017c       0x33 Drivers\STM32F1xx_HAL_Driver\Src\stm32f1xx_hal_pcd.o
 .ARM.attributes
                0x000001af       0x33 Drivers\STM32F1xx_HAL_Driver\Src\stm32f1xx_hal_pcd_ex.o
 .ARM.attributes
                0x000001e2       0x33 Drivers\STM32F1xx_HAL_Driver\Src\stm32f1xx_hal_rcc.o
 .ARM.attributes
                0x00000215       0x33 Drivers\STM32F1xx_HAL_Driver\Src\stm32f1xx_hal_rcc_ex.o
 .ARM.attributes
                0x00000248       0x33 Drivers\STM32F1xx_HAL_Driver\Src\stm32f1xx_hal_spi.o
 .ARM.attributes
                0x0000027b       0x33 Drivers\STM32F1xx_HAL_Driver\Src\stm32f1xx_hal_spi_ex.o
 .ARM.attributes
                0x000002ae       0x33 Drivers\STM32F1xx_HAL_Driver\Src\stm32f1xx_hal_tim.o
 .ARM.attributes
                0x000002e1       0x33 Drivers\STM32F1xx_HAL_Driver\Src\stm32f1xx_hal_tim_ex.o
 .ARM.attributes
                0x00000314       0x33 Drivers\STM32F1xx_HAL_Driver\Src\stm32f1xx_hal_uart.o
 .ARM.attributes
                0x00000347       0x33 Drivers\STM32F1xx_HAL_Driver\Src\stm32f1xx_ll_usb.o
 .ARM.attributes
                0x0000037a       0x33 Middlewares\ST\STM32_USB_Device_Library\Class\CDC\Src\usbd_cdc.o
 .ARM.attributes
                0x000003ad       0x33 Middlewares\ST\STM32_USB_Device_Library\Core\Src\usbd_core.o
 .ARM.attributes
                0x000003e0       0x33 Middlewares\ST\STM32_USB_Device_Library\Core\Src\usbd_ctlreq.o
 .ARM.attributes
                0x00000413       0x33 Middlewares\ST\STM32_USB_Device_Library\Core\Src\usbd_ioreq.o
 .ARM.attributes
                0x00000446       0x33 Src\dhcp_client.o
 .ARM.attributes
                0x00000479       0x33 Src\dnslkup.o
 .ARM.attributes
                0x000004ac       0x33 Src\eeprom.o
 .ARM.attributes
                0x000004df       0x33 Src\enc28j60.o
 .ARM.attributes
                0x00000512       0x33 Src\hex_utils.o
 .ARM.attributes
                0x00000545       0x33 Src\ip_arp_udp_tcp.o
 .ARM.attributes
                0x00000578       0x33 Src\main.o
 .ARM.attributes
                0x000005ab       0x33 Src\stm32f1xx_hal_msp.o
 .ARM.attributes
                0x000005de       0x33 Src\stm32f1xx_it.o
 .ARM.attributes
                0x00000611       0x33 Src\system_stm32f1xx.o
 .ARM.attributes
                0x00000644       0x33 Src\usb_device.o
 .ARM.attributes
                0x00000677       0x33 Src\usbd_cdc_if.o
 .ARM.attributes
                0x000006aa       0x33 Src\usbd_conf.o
 .ARM.attributes
                0x000006dd       0x33 Src\usbd_desc.o
 .ARM.attributes
                0x00000710       0x33 Src\websrv_help_functions.o
 .ARM.attributes
                0x00000743       0x21 startup\startup_stm32f103xb.o
 .ARM.attributes
                0x00000764       0x2d c:/program files (x86)/atollic/truestudio for stm32 9.3.0/armtools/bin/../lib/gcc/arm-atollic-eabi/6.3.1/../../../../arm-atollic-eabi/lib/armv7-m\libc_nano.a(lib_a-atoi.o)
 .ARM.attributes
                0x00000791       0x2d c:/program files (x86)/atollic/truestudio for stm32 9.3.0/armtools/bin/../lib/gcc/arm-atollic-eabi/6.3.1/../../../../arm-atollic-eabi/lib/armv7-m\libc_nano.a(lib_a-init.o)
 .ARM.attributes
                0x000007be       0x2d c:/program files (x86)/atollic/truestudio for stm32 9.3.0/armtools/bin/../lib/gcc/arm-atollic-eabi/6.3.1/../../../../arm-atollic-eabi/lib/armv7-m\libc_nano.a(lib_a-isblank.o)
 .ARM.attributes
                0x000007eb       0x2d c:/program files (x86)/atollic/truestudio for stm32 9.3.0/armtools/bin/../lib/gcc/arm-atollic-eabi/6.3.1/../../../../arm-atollic-eabi/lib/armv7-m\libc_nano.a(lib_a-itoa.o)
 .ARM.attributes
                0x00000818       0x2d c:/program files (x86)/atollic/truestudio for stm32 9.3.0/armtools/bin/../lib/gcc/arm-atollic-eabi/6.3.1/../../../../arm-atollic-eabi/lib/armv7-m\libc_nano.a(lib_a-locale.o)
 .ARM.attributes
                0x00000845       0x2d c:/program files (x86)/atollic/truestudio for stm32 9.3.0/armtools/bin/../lib/gcc/arm-atollic-eabi/6.3.1/../../../../arm-atollic-eabi/lib/armv7-m\libc_nano.a(lib_a-mbtowc_r.o)
 .ARM.attributes
                0x00000872       0x2d c:/program files (x86)/atollic/truestudio for stm32 9.3.0/armtools/bin/../lib/gcc/arm-atollic-eabi/6.3.1/../../../../arm-atollic-eabi/lib/armv7-m\libc_nano.a(lib_a-memcmp.o)
 .ARM.attributes
                0x0000089f       0x2d c:/program files (x86)/atollic/truestudio for stm32 9.3.0/armtools/bin/../lib/gcc/arm-atollic-eabi/6.3.1/../../../../arm-atollic-eabi/lib/armv7-m\libc_nano.a(lib_a-snprintf.o)
 .ARM.attributes
                0x000008cc       0x2d c:/program files (x86)/atollic/truestudio for stm32 9.3.0/armtools/bin/../lib/gcc/arm-atollic-eabi/6.3.1/../../../../arm-atollic-eabi/lib/armv7-m\libc_nano.a(lib_a-strcpy.o)
 .ARM.attributes
                0x000008f9       0x17 c:/program files (x86)/atollic/truestudio for stm32 9.3.0/armtools/bin/../lib/gcc/arm-atollic-eabi/6.3.1/../../../../arm-atollic-eabi/lib/armv7-m\libc_nano.a(lib_a-strlen.o)
 .ARM.attributes
                0x00000910       0x2d c:/program files (x86)/atollic/truestudio for stm32 9.3.0/armtools/bin/../lib/gcc/arm-atollic-eabi/6.3.1/../../../../arm-atollic-eabi/lib/armv7-m\libc_nano.a(lib_a-strncmp.o)
 .ARM.attributes
                0x0000093d       0x2d c:/program files (x86)/atollic/truestudio for stm32 9.3.0/armtools/bin/../lib/gcc/arm-atollic-eabi/6.3.1/../../../../arm-atollic-eabi/lib/armv7-m\libc_nano.a(lib_a-strstr.o)
 .ARM.attributes
                0x0000096a       0x2d c:/program files (x86)/atollic/truestudio for stm32 9.3.0/armtools/bin/../lib/gcc/arm-atollic-eabi/6.3.1/../../../../arm-atollic-eabi/lib/armv7-m\libc_nano.a(lib_a-strtol.o)
 .ARM.attributes
                0x00000997       0x2d c:/program files (x86)/atollic/truestudio for stm32 9.3.0/armtools/bin/../lib/gcc/arm-atollic-eabi/6.3.1/../../../../arm-atollic-eabi/lib/armv7-m\libc_nano.a(lib_a-utoa.o)
 .ARM.attributes
                0x000009c4       0x2d c:/program files (x86)/atollic/truestudio for stm32 9.3.0/armtools/bin/../lib/gcc/arm-atollic-eabi/6.3.1/../../../../arm-atollic-eabi/lib/armv7-m\libc_nano.a(lib_a-wctomb_r.o)
 .ARM.attributes
                0x000009f1       0x2d c:/program files (x86)/atollic/truestudio for stm32 9.3.0/armtools/bin/../lib/gcc/arm-atollic-eabi/6.3.1/../../../../arm-atollic-eabi/lib/armv7-m\libc_nano.a(lib_a-ctype_.o)
 .ARM.attributes
                0x00000a1e       0x2d c:/program files (x86)/atollic/truestudio for stm32 9.3.0/armtools/bin/../lib/gcc/arm-atollic-eabi/6.3.1/../../../../arm-atollic-eabi/lib/armv7-m\libc_nano.a(lib_a-impure.o)
 .ARM.attributes
                0x00000a4b       0x2d c:/program files (x86)/atollic/truestudio for stm32 9.3.0/armtools/bin/../lib/gcc/arm-atollic-eabi/6.3.1/../../../../arm-atollic-eabi/lib/armv7-m\libc_nano.a(lib_a-nano-svfprintf.o)
 .ARM.attributes
                0x00000a78       0x2d c:/program files (x86)/atollic/truestudio for stm32 9.3.0/armtools/bin/../lib/gcc/arm-atollic-eabi/6.3.1/../../../../arm-atollic-eabi/lib/armv7-m\libc_nano.a(lib_a-nano-vfprintf_i.o)
 .ARM.attributes
                0x00000aa5       0x2d c:/program files (x86)/atollic/truestudio for stm32 9.3.0/armtools/bin/../lib/gcc/arm-atollic-eabi/6.3.1/../../../../arm-atollic-eabi/lib/armv7-m\libc_nano.a(lib_a-memchr-stub.o)
 .ARM.attributes
                0x00000ad2       0x2d c:/program files (x86)/atollic/truestudio for stm32 9.3.0/armtools/bin/../lib/gcc/arm-atollic-eabi/6.3.1/../../../../arm-atollic-eabi/lib/armv7-m\libc_nano.a(lib_a-memcpy-stub.o)
 .ARM.attributes
                0x00000aff       0x2d c:/program files (x86)/atollic/truestudio for stm32 9.3.0/armtools/bin/../lib/gcc/arm-atollic-eabi/6.3.1/../../../../arm-atollic-eabi/lib/armv7-m\libc_nano.a(lib_a-memmove.o)
 .ARM.attributes
                0x00000b2c       0x2d c:/program files (x86)/atollic/truestudio for stm32 9.3.0/armtools/bin/../lib/gcc/arm-atollic-eabi/6.3.1/../../../../arm-atollic-eabi/lib/armv7-m\libc_nano.a(lib_a-nano-freer.o)
 .ARM.attributes
                0x00000b59       0x2d c:/program files (x86)/atollic/truestudio for stm32 9.3.0/armtools/bin/../lib/gcc/arm-atollic-eabi/6.3.1/../../../../arm-atollic-eabi/lib/armv7-m\libc_nano.a(lib_a-nano-mallocr.o)
 .ARM.attributes
                0x00000b86       0x2d c:/program files (x86)/atollic/truestudio for stm32 9.3.0/armtools/bin/../lib/gcc/arm-atollic-eabi/6.3.1/../../../../arm-atollic-eabi/lib/armv7-m\libc_nano.a(lib_a-nano-reallocr.o)
 .ARM.attributes
                0x00000bb3       0x2d c:/program files (x86)/atollic/truestudio for stm32 9.3.0/armtools/bin/../lib/gcc/arm-atollic-eabi/6.3.1/../../../../arm-atollic-eabi/lib/armv7-m\libc_nano.a(lib_a-sbrkr.o)
 .ARM.attributes
                0x00000be0       0x2d c:/program files (x86)/atollic/truestudio for stm32 9.3.0/armtools/bin/../lib/gcc/arm-atollic-eabi/6.3.1/../../../../arm-atollic-eabi/lib/armv7-m\libc_nano.a(lib_a-mlock.o)
 .ARM.attributes
                0x00000c0d       0x2d c:/program files (x86)/atollic/truestudio for stm32 9.3.0/armtools/bin/../lib/gcc/arm-atollic-eabi/6.3.1/../../../../arm-atollic-eabi/lib/armv7-m\libc_nano.a(lib_a-nano-msizer.o)
 .ARM.attributes
                0x00000c3a       0x2d c:/program files (x86)/atollic/truestudio for stm32 9.3.0/armtools/bin/../lib/gcc/arm-atollic-eabi/6.3.1/../../../../arm-atollic-eabi/lib/armv7-m\libc_nano.a(lib_a-reent.o)
 .ARM.attributes
                0x00000c67       0x1d c:/program files (x86)/atollic/truestudio for stm32 9.3.0/armtools/bin/../lib/gcc/arm-atollic-eabi/6.3.1/armv7-m\libgcc.a(_lshrdi3.o)
 .ARM.attributes
                0x00000c84       0x2d c:/program files (x86)/atollic/truestudio for stm32 9.3.0/armtools/bin/../lib/gcc/arm-atollic-eabi/6.3.1/../../../../arm-atollic-eabi/lib/armv7-m\libnosys.a(sbrk.o)
 .ARM.attributes
                0x00000cb1       0x1d c:/program files (x86)/atollic/truestudio for stm32 9.3.0/armtools/bin/../lib/gcc/arm-atollic-eabi/6.3.1/armv7-m/crtn.o
OUTPUT(ConfigRoom.elf elf32-littlearm)

.debug_info     0x00000000    0x2fc89
 .debug_info    0x00000000      0xfba Drivers\STM32F1xx_HAL_Driver\Src\stm32f1xx_hal.o
 .debug_info    0x00000fba     0x1463 Drivers\STM32F1xx_HAL_Driver\Src\stm32f1xx_hal_cortex.o
 .debug_info    0x0000241d     0x1001 Drivers\STM32F1xx_HAL_Driver\Src\stm32f1xx_hal_dma.o
 .debug_info    0x0000341e      0xea5 Drivers\STM32F1xx_HAL_Driver\Src\stm32f1xx_hal_flash.o
 .debug_info    0x000042c3     0x1366 Drivers\STM32F1xx_HAL_Driver\Src\stm32f1xx_hal_flash_ex.o
 .debug_info    0x00005629      0xe7c Drivers\STM32F1xx_HAL_Driver\Src\stm32f1xx_hal_gpio.o
 .debug_info    0x000064a5     0x1979 Drivers\STM32F1xx_HAL_Driver\Src\stm32f1xx_hal_pcd.o
 .debug_info    0x00007e1e      0xdfd Drivers\STM32F1xx_HAL_Driver\Src\stm32f1xx_hal_pcd_ex.o